[mp.velocitydeveloper.com/index.html]
[backblue.gif]
[fade.gif]
[index.html]
[mp.velocitydeveloper.com/wp-includes/css/dist/block-library/style.min75e4.css]
[mp.velocitydeveloper.com/index.html]
[mp.velocitydeveloper.com/wp-content/plugins/velocity-iklan/public/css/velocity-iklan-public8a54.css]
[mp.velocitydeveloper.com/comments/index.html]
[mp.velocitydeveloper.com/wp-content/themes/velocity/stylefc3c.css]
[mp.velocitydeveloper.com/wp-content/themes/velocity-mp-child/css/custom170f.css]
[mp.velocitydeveloper.com/wp-content/themes/velocity-mp-child/style8a54.css]
[mp.velocitydeveloper.com/wp-content/themes/velocity/css/theme.mineab2.css]
[mp.velocitydeveloper.com/wp-includes/css/dashicons.min75e4.css]
[mp.velocitydeveloper.com/wp-includes/js/jquery/jquery.minf43b.js]
[mp.velocitydeveloper.com/wp-includes/js/jquery/jquery-migrate.min5589.js]
[mp.velocitydeveloper.com/wp-content/plugins/velocity-addons/public/js/velocity-addons-publicc64e.js]
[mp.velocitydeveloper.com/wp-content/plugins/velocity-iklan/public/js/velocity-iklan-public8a54.js]
[mp.velocitydeveloper.com/wp-content/plugins/velocity-iklan/public/js/magnific-popup.min8a54.js]
[mp.velocitydeveloper.com/wp-json/wp/v2/pages/1064.json]
[mp.velocitydeveloper.com/wp-json/index.html]
[mp.velocitydeveloper.com/xmlrpc0db0.php]
[mp.velocitydeveloper.com/wp-json/oembed/1.0/embed2fd6.json]
[mp.velocitydeveloper.com/wp-json/oembed/1.0/embede6a1]
[mp.velocitydeveloper.com/#]
[mp.velocitydeveloper.com/wp-content/uploads/2015/08/LOG.png]
[mp.velocitydeveloper.com/wp-content/fonts/roboto/KFOmCnqEu92Fr1Mu72xKOzY.woff2]
[mp.velocitydeveloper.com/wp-content/fonts/roboto/KFOmCnqEu92Fr1Mu5mxKOzY.woff2]
[mp.velocitydeveloper.com/wp-content/fonts/roboto/KFOmCnqEu92Fr1Mu7mxKOzY.woff2]
[mp.velocitydeveloper.com/wp-content/fonts/roboto/KFOmCnqEu92Fr1Mu4WxKOzY.woff2]
[mp.velocitydeveloper.com/wp-content/fonts/roboto/KFOmCnqEu92Fr1Mu7WxKOzY.woff2]
[mp.velocitydeveloper.com/wp-content/fonts/roboto/KFOmCnqEu92Fr1Mu7GxKOzY.woff2]
[mp.velocitydeveloper.com/wp-content/fonts/roboto/KFOmCnqEu92Fr1Mu4mxK.woff2]
[mp.velocitydeveloper.com/wp-content/uploads/2015/12/banneratas3.jpg]
[mp.velocitydeveloper.com/wp-content/uploads/2024/02/cpoin2.png]
[mp.velocitydeveloper.com/wp-content/uploads/2015/08/q3.png]
[mp.velocitydeveloper.com/wp-content/uploads/2015/08/q1.png]
[mp.velocitydeveloper.com/wp-content/uploads/2015/08/q8.png]
[mp.velocitydeveloper.com/wp-content/uploads/2015/08/q4.png]
[mp.velocitydeveloper.com/wp-content/uploads/2024/03/otomotif.png]
[mp.velocitydeveloper.com/wp-content/uploads/2015/08/q9.png]
[mp.velocitydeveloper.com/tentang-kami/index.html]
[mp.velocitydeveloper.com/wp-content/uploads/2015/08/q11.png]
[mp.velocitydeveloper.com/wp-content/uploads/2024/02/cpoin2.png]
[mp.velocitydeveloper.com/wp-content/themes/velocity-mp-child/js/custom170f.js]
[mp.velocitydeveloper.com/index.html]
[mp.velocitydeveloper.com/wp-content/themes/velocity/js/theme.mineab2.js]
[mp.velocitydeveloper.com/wp-includes/css/dist/block-library/style.min75e4.css]
[mp.velocitydeveloper.com/wp-content/plugins/velocity-addons/public/css/velocity-addons-publicc64e.css]
[mp.velocitydeveloper.com/iklan/index.html]
[mp.velocitydeveloper.com/akun-saya/index.html]
[mp.velocitydeveloper.com/kategori/fashion/index.html]
[mp.velocitydeveloper.com/kategori/parfume/index.html]
[mp.velocitydeveloper.com/kategori/industri/index.html]
[mp.velocitydeveloper.com/wp-content/plugins/velocity-iklan/public/img/star.png]
[mp.velocitydeveloper.com/wp-content/plugins/velocity-iklan/public/css/velocity-iklan-public8a54.css]
[mp.velocitydeveloper.com/wp-content/themes/velocity/stylefc3c.css]
[mp.velocitydeveloper.com/kategori/lowongan-kerja/index.html]
[mp.velocitydeveloper.com/kategori/motor/index.html]
[mp.velocitydeveloper.com/kategori/mobil/index.html]
[mp.velocitydeveloper.com/kategori/property/index.html]
[mp.velocitydeveloper.com/wp-content/themes/velocity-mp-child/img/footer.png]
[mp.velocitydeveloper.com/wp-content/themes/velocity-mp-child/css/custom170f.css]
[mp.velocitydeveloper.com/wp-content/themes/velocity-mp-child/style8a54.css]
[mp.velocitydeveloper.com/akun-saya/indexadb5.html]
[mp.velocitydeveloper.com/wp-content/themes/velocity/fonts/fontawesome-webfont3e6e.eot]
[mp.velocitydeveloper.com/category/artikel/index.html]
[mp.velocitydeveloper.com/wp-content/themes/velocity/fonts/fontawesome-webfontd41d.eot]
[mp.velocitydeveloper.com/wp-content/themes/velocity/fonts/fontawesome-webfont3e6e.woff2]
[mp.velocitydeveloper.com/wp-content/themes/velocity/fonts/fontawesome-webfont3e6e.woff]
[mp.velocitydeveloper.com/wp-content/themes/velocity/fonts/fontawesome-webfont3e6e.ttf]
[mp.velocitydeveloper.com/wp-content/themes/velocity/fonts/fontawesome-webfont3e6e.svg]
[mp.velocitydeveloper.com/wp-content/themes/velocity/css/theme.mineab2.css]
[mp.velocitydeveloper.com/wp-includes/fonts/dashicons7d4b.eot]
[mp.velocitydeveloper.com/wp-includes/css/dashicons.min75e4.css]
[mp.velocitydeveloper.com/wp-includes/fonts/dashicons7d4b.ttf]
[mp.velocitydeveloper.com/wp-json/wp/v2/pages/142.json]
[mp.velocitydeveloper.com/wp-json/oembed/1.0/embed8e4f.json]
[mp.velocitydeveloper.com/tentang-kami/index.html]
[mp.velocitydeveloper.com/iklan/index.html]
[mp.velocitydeveloper.com/wp-json/oembed/1.0/embed8c7a]
[mp.velocitydeveloper.com/iklan/index.html]
[mp.velocitydeveloper.com/iklan/perumahan-kantor/index.html]
[mp.velocitydeveloper.com/wp-json/wp/v2/pages/1033.json]
[mp.velocitydeveloper.com/kategori/dvd-player/index.html]
[mp.velocitydeveloper.com/wp-json/oembed/1.0/embedca38.json]
[mp.velocitydeveloper.com/kategori/laptop/index.html]
[mp.velocitydeveloper.com/kategori/playstasion/index.html]
[mp.velocitydeveloper.com//kategori/smartphone/index.html]
[mp.velocitydeveloper.com/kategori/tablet/index.html]
[mp.velocitydeveloper.com/wp-json/oembed/1.0/embed2e1d]
[mp.velocitydeveloper.com/kategori/dress/index.html]
[mp.velocitydeveloper.com/kategori/jam-tangan/index.html]
[mp.velocitydeveloper.com/wp-loginab35.html]
[mp.velocitydeveloper.com/kategori/jilbab/index.html]
[mp.velocitydeveloper.com/kategori/lain-lain-industri/index.html]
[mp.velocitydeveloper.com/wp-login0ddc.html]
[mp.velocitydeveloper.com/akun-saya/index.html]
[mp.velocitydeveloper.com/kategori/mesin/index.html]
[mp.velocitydeveloper.com/kategori/peralatan-kantor/index.html]
[mp.velocitydeveloper.com/wp-content/uploads/2015/08/parfume-3116-64159-1-zoom-300x300.jpg]
[mp.velocitydeveloper.com/kategori/akuntan/index.html]
[mp.velocitydeveloper.com/wp-content/uploads/2015/08/lg-karaoke-usb-dvd-player-dp547-hitam-6098-897368-2-zoom-300x300.jpg]
[mp.velocitydeveloper.com/wp-content/uploads/2015/08/avante-avk-530-mkii-midi-karaoke-player-hitam-5573-207014-1-zoom-300x300.jpg]
[mp.velocitydeveloper.com/kategori/operator/index.html]
[mp.velocitydeveloper.com/wp-content/uploads/2015/08/kjb-mesin-player-karaoke-amk-430-hitam-0458-981538-1-zoom-300x300.jpg]
[mp.velocitydeveloper.com/wp-content/uploads/2015/08/speedup-pad-genius-intel-2gb-ram-8gb-gold-6764-132863-1-zoom-300x300.jpg]
[mp.velocitydeveloper.com/wp-content/uploads/2015/08/epad-tablet-kids-8gb-biru-0312-465588-1-zoom-300x300.jpg]
[mp.velocitydeveloper.com/kategori/rental/index.html]
[mp.velocitydeveloper.com/wp-content/uploads/2015/08/mi-pad-16gb-putih-4170-526298-1-zoom-300x300.jpg]
[mp.velocitydeveloper.com/wp-content/uploads/2015/08/xiaomi-mi3-16gb-abu-abu-2517-3137031-1-zoom-300x300.jpg]
[mp.velocitydeveloper.com/wp-content/uploads/2015/08/xiaomi-redmi-note-4g-lte-dual-sim-8-gb-putih-3911-6516711-2-zoom-300x300.jpg]
[mp.velocitydeveloper.com/wp-content/uploads/2015/08/dell-alienware-m14x-r3-ram-8gb-intel-core-i7-4700mq-14-hitam-6494-1901841-1-zoom-300x300.png]
[mp.velocitydeveloper.com/kategori/sparepart/index.html]
[mp.velocitydeveloper.com/wp-content/uploads/2015/08/lenovo-ideapad-mini-e10-30-2gb-intel-r-celeron-n2840-10-1-putih-8150-823579-1-zoom-300x300.jpg]
[mp.velocitydeveloper.com/wp-content/uploads/2015/08/apple-macbook-air-1-6ghz-dual-core-i5-128gb-mjve2-4gb-ram-intel-13-3-0347-288479-1-zoom-300x300.jpg]
[mp.velocitydeveloper.com/kategori/parfume/index.html]
[mp.velocitydeveloper.com/wp-content/uploads/2015/08/geneva-jam-tangan-wanita-rose-gold-strap-stainless-steel-quartz-watch-3659-541388-1-zoom-300x300.jpg]
[mp.velocitydeveloper.com/kategori/rental-motor/index.html]
[mp.velocitydeveloper.com/wp-content/uploads/2015/08/bluelans-jam-tangan-wanita-merah-strap-kulit-analog-watch-3603-081388-1-zoom-300x300.jpg]
[mp.velocitydeveloper.com/wp-content/uploads/2015/08/geneva-jam-tangan-unisex-silver-strap-stainless-steel-quartz-watch-3659-631388-1-zoom-300x300.jpg]
[mp.velocitydeveloper.com/kategori/fashion/index.html]
[mp.velocitydeveloper.com/kategori/sparepart-motor/index.html]
[mp.velocitydeveloper.com/wp-content/uploads/2015/08/changhong-5066-680124-1-zoom-compressed-300x203.jpg]
[mp.velocitydeveloper.com/kategori/apartemen/index.html]
[mp.velocitydeveloper.com/wp-content/uploads/2015/08/changhong-40-led-android-smart-tv-hitam-40d1000i-7569-694124-1-zoom-300x300.jpg]
[mp.velocitydeveloper.com/wp-content/uploads/2015/08/miyako-dispenser-air-galon-bawah-wdp-300-water-dispenser-6959-2668811-1-zoom-300x300.jpg]
[mp.velocitydeveloper.com/kategori/kontrakan/index.html]
[mp.velocitydeveloper.com/wp-content/uploads/2015/08/toshiba-glacio-xd-7-lemari-es-1-pintu-grn175bc-silver-7221-606619-1-zoom-300x300.jpg]
[mp.velocitydeveloper.com/wp-content/uploads/2015/08/janome-1008-mesin-jahit-pemula-putih-3482-866862-1-zoom-300x300.jpg]
[mp.velocitydeveloper.com/wp-content/uploads/2015/08/omi-casa-sewing-machine-sm1-hijau-4080-29499-9-zoom-300x300.jpg]
[mp.velocitydeveloper.com/wp-content/uploads/2015/08/microsoft-office-home-student-2013-4791-34387-1-zoom-300x300.jpg]
[mp.velocitydeveloper.com/kategori/industri/index.html]
[mp.velocitydeveloper.com/kategori/perumahan/index.html]
[mp.velocitydeveloper.com/wp-content/uploads/2015/08/nindya-300x180.png]
[mp.velocitydeveloper.com/kategori/ruko/index.html]
[mp.velocitydeveloper.com/wp-content/uploads/2015/08/bpjs-300x150.jpg]
[mp.velocitydeveloper.com/wp-content/uploads/2015/08/Nestle-Indonesia-300x180.jpg]
[mp.velocitydeveloper.com/kategori/lowongan-kerja/index.html]
[mp.velocitydeveloper.com/wp-content/uploads/2015/09/fooiyujhtg.jpg]
[mp.velocitydeveloper.com/iklan/speedup-pad-genius-intel-2gb-ram-8gb/index.html]
[mp.velocitydeveloper.com/wp-content/uploads/2015/09/MOTOR_FAN_RADIATOR_TOYOTA_HARRIER_DENSO-300x246.jpg]
[mp.velocitydeveloper.com/wp-content/uploads/2015/09/1410966383-300x225.jpg]
[mp.velocitydeveloper.com/kategori/parfume/index.html]
[mp.velocitydeveloper.com/wp-content/uploads/2015/09/1410965606-300x225.jpg]
[mp.velocitydeveloper.com/wp-content/uploads/2015/09/1373472476-300x225.jpg]
[mp.velocitydeveloper.com/wp-content/uploads/2015/09/1373474426-300x225.jpg]
[mp.velocitydeveloper.com/wp-content/uploads/2015/09/daihatsu_20xenia-300x241.jpg]
[mp.velocitydeveloper.com/wp-content/uploads/2015/09/1373300101-300x225.jpg]
[mp.velocitydeveloper.com/kategori/mobil/index.html]
[mp.velocitydeveloper.com/iklan/parfume/index.html]
[mp.velocitydeveloper.com/wp-content/uploads/2015/09/dsc00099-300x225.jpg]
[mp.velocitydeveloper.com/lokasi/kabupaten-magelang/index.html]
[mp.velocitydeveloper.com/wp-content/uploads/2015/09/RC-1060-213x300.jpg]
[mp.velocitydeveloper.com/wp-content/uploads/2015/09/214521_kawasaki-ninja-250-abs-se-spesial-edition-_663_382-300x173.jpg]
[mp.velocitydeveloper.com/iklan/lg-karaoke-usb-dvd-player-dp547/index.html]
[mp.velocitydeveloper.com/wp-content/uploads/2015/09/Harga-Yamaha-Vixion-300x267.jpg]
[mp.velocitydeveloper.com/wp-content/uploads/2015/09/386f974d-8a5f-455f-befa-fd62b34142a2-300x287.jpg]
[mp.velocitydeveloper.com/wp-content/uploads/2015/09/keunggulan-kelemahan-yamaha-mio-j-300x273.png]
[mp.velocitydeveloper.com/lokasi/kabupaten-klaten/index.html]
[mp.velocitydeveloper.com/wp-content/uploads/2015/09/vario-125-idling-stop-bionic-red-286x300.jpg]
[mp.velocitydeveloper.com/wp-content/uploads/2015/09/honda-beat-cw-techno-white-300x245.png]
[mp.velocitydeveloper.com/kategori/motor/index.html]
[mp.velocitydeveloper.com/iklan/avante-avk-530-mkii-midi-karaoke-player/index.html]
[mp.velocitydeveloper.com/wp-content/uploads/2015/09/10822111_3_644x461_kontarakan-baru-dibangun-4-pintu-ciapus-masuk-mobil-dijual-300x191.jpg]
[mp.velocitydeveloper.com/lokasi/kabupaten-batang/index.html]
[mp.velocitydeveloper.com/wp-content/uploads/2015/09/rumah-2-lantai-1-300x286.jpg]
[mp.velocitydeveloper.com/wp-content/uploads/2015/09/r-contoh-t-38-300x225.jpg]
[mp.velocitydeveloper.com/iklan/kjb-mesin-player-karaoke-amk-430/index.html]
[mp.velocitydeveloper.com/wp-content/uploads/2015/09/ruko-minimalis-2-lantai-modern-4-300x214.jpg]
[mp.velocitydeveloper.com/wp-content/uploads/2015/09/desain-ruko-782397411b-300x186.jpg]
[mp.velocitydeveloper.com/lokasi/kabupaten-semarang/index.html]
[mp.velocitydeveloper.com/wp-content/uploads/2015/09/Desain-Model-Ruko-Minimalis-300x212.jpg]
[mp.velocitydeveloper.com/lokasi/kabupaten-gunungkidul/index.html]
[mp.velocitydeveloper.com/iklan/epad-tablet-kids-8gb-biru/index.html]
[mp.velocitydeveloper.com/wp-content/uploads/2015/09/Ruko-Minimalis-2-Lantai2-295x300.jpg]
[mp.velocitydeveloper.com/kategori/property/index.html]
[mp.velocitydeveloper.com/akun-saya/indexadb5.html]
[mp.velocitydeveloper.com/lokasi/jakarta-barat/index.html]
[mp.velocitydeveloper.com/iklan/mi-pad-16gb-putih/index.html]
[mp.velocitydeveloper.com/lokasi/kabupaten-sukoharjo/index.html]
[mp.velocitydeveloper.com/wp-json/wp/v2/categories/124.json]
[mp.velocitydeveloper.com/category/artikel/index.html]
[mp.velocitydeveloper.com/lokasi/kepulauan-seribu/index.html]
[mp.velocitydeveloper.com/wp-content/themes/velocity/fonts/fontawesome-webfont3e6e.html]
[mp.velocitydeveloper.com/iklan/xiaomi-mi3-16gb-abu-abu/index.html]
[mp.velocitydeveloper.com/indexee5b.html]
[mp.velocitydeveloper.com/lokasi/jakarta-selatan/index.html]
[mp.velocitydeveloper.com/iklan/xiaomi-redmi-note-4g-lte-dual-sim-8-gb/index.html]
[mp.velocitydeveloper.com/iklan/dell-alienware-m14x-r3-ram-8gb-intel-core-i7-4700mq/index.html]
[mp.velocitydeveloper.com/lokasi/jakarta-utara/index.html]
[mp.velocitydeveloper.com/wp-content/uploads/2015/09/rumah-2-lantai-1.jpg]
[mp.velocitydeveloper.com/iklan/lenovo-ideapad-mini-e10-30-2gb/index.html]
[mp.velocitydeveloper.com/wp-json/oembed/1.0/embed81a6.json]
[mp.velocitydeveloper.com/iklan/apple-macbook-air-1-6ghz-dual-core-i5/index.html]
[mp.velocitydeveloper.com/kategori/parfume/page/2/index.html]
[mp.velocitydeveloper.com/wp-json/oembed/1.0/embed1985]
[mp.velocitydeveloper.com/wp-content/uploads/2015/09/1091883d1395117489-perumahan-mustika-permai-tahap-ii-berstandar-subsidi-pemerintah-sampel-mustika-600x450.jpg]
[mp.velocitydeveloper.com/kategori/parfume/page/3/index.html]
[mp.velocitydeveloper.com/wp-content/uploads/2015/09/ruko-minimalis-2-lantai-modern-4.jpg]
[mp.velocitydeveloper.com/wp-content/uploads/2017/02/cpoin-profil.jpg]
[mp.velocitydeveloper.com/kategori/parfume/page/4/index.html]
[mp.velocitydeveloper.com/wp-content/uploads/2024/03/banner-single.png]
[mp.velocitydeveloper.com/iklan/perumahan-kantor/index.html]
[mp.velocitydeveloper.com/wp-content/uploads/2015/08/gmc-dvd-portable-tv-9-radio-game-divx-808t-0326-679842-3-zoom-300x300.jpg]
[mp.velocitydeveloper.com/iklan/cotton-bee-pashmina-regular-basic-hitam/index.html]
[mp.velocitydeveloper.com/wp-content/uploads/2015/08/philips-mcd1065-micro-system-cube-dvd-player-hitam-3158-9357911-1-zoom-300x300.jpg]
[mp.velocitydeveloper.com/wp-content/uploads/2015/08/niko-nk-118-dvd-player-bisa-untuk-kaset-ori-dan-non-ori-biru-1210-222305-2-zoom-300x300.jpg]
[mp.velocitydeveloper.com/kategori/fashion/index.html]
[mp.velocitydeveloper.com/wp-content/uploads/2015/08/mizuka-705-dvd-player-hitam-6408-56429-1-zoom-300x300.jpg]
[mp.velocitydeveloper.com/wp-content/uploads/2015/08/71fNJgZeMWL._SL1500_-300x200.jpg]
[mp.velocitydeveloper.com/kategori/dvd-player/index.html]
[mp.velocitydeveloper.com/lokasi/kabupaten-karanganyar/index.html]
[mp.velocitydeveloper.com/wp-content/uploads/2015/08/apple-macbook-pro-retina-mf839-8gb-ram-intel-core-i5-13-8859-7880721-1-zoom-300x300.jpg]
[mp.velocitydeveloper.com/kategori/laptop/index.html]
[mp.velocitydeveloper.com/iklan/cotton-bee-hoodie-zaskia-instan-hitam/index.html]
[mp.velocitydeveloper.com/wp-content/uploads/2015/08/sony-ps2-hdd-na-80gb-matrix-hitam-9263-195568-1-zoom-300x300.jpg]
[mp.velocitydeveloper.com/lokasi/kabupaten-banjarnegara/index.html]
[mp.velocitydeveloper.com/iklan/cotton-bee-pashmina-brukat-korea-dusty-pink/index.html]
[mp.velocitydeveloper.com/wp-content/uploads/2015/08/sony-ps3-fat-500gb-costume-multiman-cfw-paket-lengkap-6417-922809-1-product-300x300.jpg]
[mp.velocitydeveloper.com/wp-content/uploads/2015/08/sony-ps-4-500-gb-hitam-7737-133905-1-zoom-300x300.jpg]
[mp.velocitydeveloper.com/iklan/cotton-bee-pashmina-regular-basic-dusty-pink/index.html]
[mp.velocitydeveloper.com/wp-content/uploads/2015/08/sony-playstation-3-slim-120gb-gratis-500gb-hdd-ext-full-games-cobra-ode-9649-095897-4-zoom-300x300.jpg]
[mp.velocitydeveloper.com/wp-content/uploads/2015/08/sony-playstation-ps2-slim-seri-7-ref-optik-hardisk-80gb-full-games-4932-760559-1-zoom-300x300.jpg]
[mp.velocitydeveloper.com/wp-content/uploads/2015/08/sony-playstation-3-slim-160gb-ode-2-controller-gratis-hdd-500gb-full-game-0622-661028-1-zoom-300x300.jpg]
[mp.velocitydeveloper.com/wp-content/uploads/2015/08/sony-playstation-3-slim-160gb-hitam-4569-204143-1-zoom-300x300.jpg]
[mp.velocitydeveloper.com/kategori/playstasion/index.html]
[mp.velocitydeveloper.com//kategori/smartphone/index.html]
[mp.velocitydeveloper.com/lokasi/kabupaten-wonogiri/index.html]
[mp.velocitydeveloper.com/kategori/tablet/index.html]
[mp.velocitydeveloper.com/iklan/cotton-bee-hoodie-shireen-instan/index.html]
[mp.velocitydeveloper.com/lokasi/kabupaten-purworejo/index.html]
[mp.velocitydeveloper.com/kategori/dress/index.html]
[mp.velocitydeveloper.com/iklan/geneva-jam-tangan-wanita-rose-gold-strap-stainless-steel/index.html]
[mp.velocitydeveloper.com/lokasi/kabupaten-blora/index.html]
[mp.velocitydeveloper.com/iklan/bluelans-jam-tangan-wanita-merah-strap-kulit-analog-watch/index.html]
[mp.velocitydeveloper.com/lokasi/kabupaten-kudus/index.html]
[mp.velocitydeveloper.com/iklan/geneva-jam-tangan-unisex-silver/index.html]
[mp.velocitydeveloper.com/wp-content/uploads/2015/08/bluelans-jam-tangan-unisex-cokelat-strap-leather-3582-986949-1-zoom-200x300.jpg]
[mp.velocitydeveloper.com/lokasi/kabupaten-tegal/index.html]
[mp.velocitydeveloper.com/kategori/fashion/page/2/index.html]
[mp.velocitydeveloper.com/wp-content/uploads/2015/08/bluelans-curren-mens-black-strap-black-dial-hours-clock-sport-steel-wrist-watch-9890-2181821-1-zoom-200x300.jpg]
[mp.velocitydeveloper.com/wp-content/uploads/2015/08/alexandre-christie-jam-tangan-pria-hitam-strap-karet-6319-6494-6509231-1-zoom-200x300.jpg]
[mp.velocitydeveloper.com/kategori/jam-tangan/index.html]
[mp.velocitydeveloper.com/kategori/jilbab/index.html]
[mp.velocitydeveloper.com/kategori/industri/index.html]
[mp.velocitydeveloper.com/kategori/fashion/page/3/index.html]
[mp.velocitydeveloper.com/kategori/lain-lain-industri/index.html]
[mp.velocitydeveloper.com/iklan/changhong-40-full-hd-led-tv/index.html]
[mp.velocitydeveloper.com/lokasi/kabupaten-purbalingga/index.html]
[mp.velocitydeveloper.com/kategori/mesin/index.html]
[mp.velocitydeveloper.com/iklan/changhong-40-led-android-smart-tv-hitam-40d1000i/index.html]
[mp.velocitydeveloper.com/lokasi/kabupaten-rembang/index.html]
[mp.velocitydeveloper.com/iklan/miyako-dispenser-air-galon-bawah-wdp-300/index.html]
[mp.velocitydeveloper.com/kategori/peralatan-kantor/index.html]
[mp.velocitydeveloper.com/iklan/toshiba-glacio-xd-7-lemari-es-1-pintu-grn175bc/index.html]
[mp.velocitydeveloper.com/kategori/akuntan/index.html]
[mp.velocitydeveloper.com/iklan/janome-1008-mesin-jahit-pemula-putih/index.html]
[mp.velocitydeveloper.com/iklan/microsoft-office-home-student-2013/index.html]
[mp.velocitydeveloper.com/iklan/omi-casa-sewing-machine-sm1-hijau/index.html]
[mp.velocitydeveloper.com/lokasi/kabupaten-demak/index.html]
[mp.velocitydeveloper.com/kategori/operator/index.html]
[mp.velocitydeveloper.com/kategori/rental/index.html]
[mp.velocitydeveloper.com/kategori/lowongan-kerja/index.html]
[mp.velocitydeveloper.com/iklan/pt-nindya-karya-persero/index.html]
[mp.velocitydeveloper.com/lokasi/kabupaten-banyumas/index.html]
[mp.velocitydeveloper.com/iklan/reguler-bpjs-ketenagakerjaan/index.html]
[mp.velocitydeveloper.com/wp-content/uploads/2015/08/285235_8c3c0127-5606-479b-bb7a-8b5da32bc86c-300x166.jpg]
[mp.velocitydeveloper.com/iklan/nestle-indonesia/index.html]
[mp.velocitydeveloper.com/wp-content/uploads/2015/08/368521_bdffabe0-00ab-4339-bb8d-d26ea4059e3f-250x300.jpg]
[mp.velocitydeveloper.com/wp-content/uploads/2015/08/368521_6f062d3e-79e2-442e-9118-0ba0db619d14-250x300.jpg]
[mp.velocitydeveloper.com/iklan/motor-fan-radiator-toyota-harrier/index.html]
[mp.velocitydeveloper.com/wp-content/uploads/2015/08/368521_e1100f83-f394-47d0-b33a-1b93ccb5151b-250x300.jpg]
[mp.velocitydeveloper.com/kategori/mobil/index.html]
[mp.velocitydeveloper.com/wp-content/uploads/2015/08/368521_83cdbb3f-017d-4398-a692-580c37e902ef-250x300.jpg]
[mp.velocitydeveloper.com/wp-content/uploads/2015/08/368521_8287641c-a3dd-414b-8a2f-de21a6d87a8f-250x300.jpg]
[mp.velocitydeveloper.com/kategori/sparepart/index.html]
[mp.velocitydeveloper.com/wp-content/uploads/2015/09/Harga-Yamaha-Mio-GT-300x283.jpg]
[mp.velocitydeveloper.com/kategori/rental-motor/index.html]
[mp.velocitydeveloper.com/lokasi/kota-salatiga/index.html]
[mp.velocitydeveloper.com/iklan/power-steering-rack/index.html]
[mp.velocitydeveloper.com/iklan/nissan-grand-livina-2014/index.html]
[mp.velocitydeveloper.com/lokasi/jawa-barat/index.html]
[mp.velocitydeveloper.com/wp-content/uploads/2015/08/dbest-obeng-set-31-in-1-4737-246911-1-zoom-300x300.jpg]
[mp.velocitydeveloper.com/iklan/daihatsu-terios-2014/index.html]
[mp.velocitydeveloper.com/iklan/suzuki-apv-2011/index.html]
[mp.velocitydeveloper.com/wp-content/uploads/2015/08/buyincoins-6-15mm-spring-band-type-fuel-hose-clip-6494-8148841-1-zoom-300x300.jpg]
[mp.velocitydeveloper.com/wp-content/uploads/2015/08/garmin-gpsmap-62s-hitam-merah-5069-260231-1-zoom-300x300.jpg]
[mp.velocitydeveloper.com/iklan/daihatsu-new-xenia-2013/index.html]
[mp.velocitydeveloper.com/wp-content/uploads/2015/08/zeneos-90-80-14-zn62-tl-ban-tubeless-scootic-honda-rr-yamaha-rr-suzuki-rr-spin-hitam-0174-520971-1-zoom-300x300.jpg]
[mp.velocitydeveloper.com/wp-content/uploads/2015/08/motul-oli-mesin-5100-str-10w-40-1l-5351-127905-1-zoom-300x300.jpg]
[mp.velocitydeveloper.com/wp-content/uploads/2015/08/denso-nd-busi-iridium-iu24-4430-412063-1-zoom-300x300.jpg]
[mp.velocitydeveloper.com/kategori/sparepart-motor/index.html]
[mp.velocitydeveloper.com/lokasi/jakarta-timur/index.html]
[mp.velocitydeveloper.com/wp-content/uploads/2015/08/aps167621-dijual-di-jakarta_selatan_1_1430453642-300x200.jpg]
[mp.velocitydeveloper.com/iklan/daihatsu-xenia-2011/index.html]
[mp.velocitydeveloper.com/wp-content/uploads/2015/08/5ad82de2-eb44-49c3-8b42-bffdca10808c-300x225.jpg]
[mp.velocitydeveloper.com/kategori/apartemen/index.html]
[mp.velocitydeveloper.com/kategori/kontrakan/index.html]
[mp.velocitydeveloper.com/iklan/toyota-avanza-2011/index.html]
[mp.velocitydeveloper.com/kategori/mobil/page/2/index.html]
[mp.velocitydeveloper.com/wp-content/uploads/2015/08/hor1322304-disewa-di-tangerang_1407480033-254x300.jpg]
[mp.velocitydeveloper.com/iklan/koso-power-filter-turbin/index.html]
[mp.velocitydeveloper.com/wp-content/uploads/2015/08/9cd91237-cb7c-48d2-bacf-05a3f1474591-300x183.jpg]
[mp.velocitydeveloper.com/wp-content/uploads/2015/08/32f2aa4b_f27a_41d0_93ff_fd1fca2335d7-300x195.jpg]
[mp.velocitydeveloper.com/kategori/motor/index.html]
[mp.velocitydeveloper.com/wp-content/uploads/2015/08/c00e4287_6a6b_4603_b4ac_0fc27ec43cc4-300x196.jpg]
[mp.velocitydeveloper.com/kategori/perumahan/index.html]
[mp.velocitydeveloper.com/wp-content/uploads/2015/09/ruko-tari-malam-2-ok-300x176.jpg]
[mp.velocitydeveloper.com/wp-content/uploads/2015/09/Ruko-Minimalis-2-Lantai4-300x246.jpg]
[mp.velocitydeveloper.com/iklan/sparepart-motor-filter-ac/index.html]
[mp.velocitydeveloper.com/wp-content/uploads/2015/09/2057928d1420209755-jual-ruko-baru-minimalis-di-tenggilis-dekat-ubaya-img_20141223_123147-300x225.jpg]
[mp.velocitydeveloper.com/iklan/motor-ninja/index.html]
[mp.velocitydeveloper.com/wp-content/uploads/2015/09/375273d1363164522-ruko-freesia-pondok-aren-img00245-20130218-1237-copy-300x300.jpg]
[mp.velocitydeveloper.com/kategori/ruko/index.html]
[mp.velocitydeveloper.com/index8b2f.html]
[mp.velocitydeveloper.com/lokasi/jawa-timur/index.html]
[mp.velocitydeveloper.com/wp-includes/css/buttons.min75e4.css]
[mp.velocitydeveloper.com/iklan/motor-vixion/index.html]
[mp.velocitydeveloper.com/wp-admin/css/forms.min75e4.css]
[mp.velocitydeveloper.com/wp-admin/css/l10n.min75e4.css]
[mp.velocitydeveloper.com/lokasi/sulawesi-barat/index.html]
[mp.velocitydeveloper.com/wp-admin/css/login.min75e4.css]
[mp.velocitydeveloper.com/iklan/honda-scoopy/index.html]
[www.google.com/recaptcha/api85e4.js]
[mp.velocitydeveloper.com/lokasi/kalimantan-tengah/index.html]
[mp.velocitydeveloper.com/wp-loginc2b6.html]
[mp.velocitydeveloper.com/iklan/motor-mio-j/index.html]
[mp.velocitydeveloper.com/lokasi/kabupaten-temanggung/index.html]
[mp.velocitydeveloper.com/wp-includes/js/zxcvbn-async.min5152.js]
[mp.velocitydeveloper.com/iklan/motor-vario/index.html]
[mp.velocitydeveloper.com/wp-includes/js/dist/vendor/wp-polyfill-inert.min0226.js]
[mp.velocitydeveloper.com/wp-includes/js/dist/vendor/regenerator-runtime.min6c85.js]
[mp.velocitydeveloper.com/iklan/honda-beat/index.html]
[mp.velocitydeveloper.com/wp-includes/js/dist/vendor/wp-polyfill.min2c7c.js]
[mp.velocitydeveloper.com/wp-includes/js/dist/hooks.min2ebd.js]
[mp.velocitydeveloper.com/wp-includes/js/dist/i18n.minf92f.js]
[mp.velocitydeveloper.com/wp-admin/js/password-strength-meter.min75e4.js]
[mp.velocitydeveloper.com/kategori/motor/page/2/index.html]
[mp.velocitydeveloper.com/wp-includes/js/underscore.mind584.js]
[mp.velocitydeveloper.com/wp-includes/js/wp-util.min75e4.js]
[mp.velocitydeveloper.com/wp-admin/js/user-profile.min75e4.js]
[mp.velocitydeveloper.com/wp-loginab35.html]
[www.google.com/recaptcha/api7d95.js]
[mp.velocitydeveloper.com/kategori/property/index.html]
[mp.velocitydeveloper.com/iklan/rumah-kontrakan/index.html]
[mp.velocitydeveloper.com/lokasi/kabupaten-bantul/index.html]
[mp.velocitydeveloper.com/wp-login.html]
[mp.velocitydeveloper.com/wp-login0ddc.html]
[mp.velocitydeveloper.com/iklan/kontrakan-murah/index.html]
[mp.velocitydeveloper.com/lokasi/kabupaten-pati/index.html]
[mp.velocitydeveloper.com/iklan/promo-rumah-murah-di-perumahaan-di-depok/index.html]
[mp.velocitydeveloper.com/iklan/ruko-minimalis-2-lantai/index.html]
[mp.velocitydeveloper.com/wp-content/uploads/2015/08/speedup-pad-genius-intel-2gb-ram-8gb-gold-6764-132863-1-zoom-600x600.jpg]
[mp.velocitydeveloper.com/lokasi/kabupaten-kulon-progo/index.html]
[mp.velocitydeveloper.com/iklan/ruko-minimalis-2014/index.html]
[mp.velocitydeveloper.com/wp-json/oembed/1.0/embed584b.json]
[mp.velocitydeveloper.com/lokasi/kalimantan-barat/index.html]
[mp.velocitydeveloper.com/wp-json/oembed/1.0/embedbcc6]
[mp.velocitydeveloper.com/iklan/speedup-pad-genius-intel-2gb-ram-8gb/index.html]
[mp.velocitydeveloper.com/iklan/ruko-minimalis-modern/index.html]
[mp.velocitydeveloper.com/lokasi/kalimantan-timur/index.html]
[mp.velocitydeveloper.com/lokasi/kepulauan-riau/index.html]
[mp.velocitydeveloper.com/iklan/ruko-minimalis/index.html]
[mp.velocitydeveloper.com/wp-content/uploads/2015/08/parfume-3116-64159-1-zoom-600x600.jpg]
[mp.velocitydeveloper.com/kategori/property/page/2/index.html]
[mp.velocitydeveloper.com/kategori/property/page/3/index.html]
[mp.velocitydeveloper.com/wp-json/oembed/1.0/embedb597.json]
[mp.velocitydeveloper.com/artikel/tips-memilih-pedagang-online/index.html]
[mp.velocitydeveloper.com/category/artikel/index.html]
[mp.velocitydeveloper.com/wp-json/oembed/1.0/embed5f9f]
[mp.velocitydeveloper.com/iklan/parfume/index.html]
[mp.velocitydeveloper.com/lokasi/kabupaten-magelang/index.html]
[mp.velocitydeveloper.com/author/admin/index.html]
[mp.velocitydeveloper.com/artikel/tips-aman-belanja-online/index.html]
[mp.velocitydeveloper.com/artikel/tips-aman-cod/index.html]
[mp.velocitydeveloper.com/wp-content/uploads/2015/08/lg-karaoke-usb-dvd-player-dp547-hitam-6098-897368-2-zoom-600x600.jpg]
[mp.velocitydeveloper.com/kategori/dvd-player/index.html]
[mp.velocitydeveloper.com/iklan/philips-mcd1065-micro-system-cube-dvd-player/index.html]
[mp.velocitydeveloper.com/wp-json/oembed/1.0/embed392b.json]
[mp.velocitydeveloper.com/iklan/gmc-dvd-portable-tv-9-radio-game-divx-808t/index.html]
[mp.velocitydeveloper.com/iklan/niko-nk-118-dvd-player-bisa-untuk-kaset-ori-dan-non-ori-biru/index.html]
[mp.velocitydeveloper.com/wp-json/oembed/1.0/embeda0c5]
[mp.velocitydeveloper.com/iklan/lg-karaoke-usb-dvd-player-dp547/index.html]
[mp.velocitydeveloper.com/lokasi/kabupaten-pekalongan/index.html]
[mp.velocitydeveloper.com/kategori/laptop/index.html]
[mp.velocitydeveloper.com/lokasi/kabupaten-klaten/index.html]
[mp.velocitydeveloper.com/iklan/mizuka-705-dvd-player/index.html]
[mp.velocitydeveloper.com/iklan/samsung-dvd-karaoke-e360k/index.html]
[mp.velocitydeveloper.com/iklan/sony-ps2-hdd-na-80gb-matrix-hitam/index.html]
[mp.velocitydeveloper.com/iklan/apple-macbook-pro-retina-mf839/index.html]
[mp.velocitydeveloper.com/kategori/playstasion/index.html]
[mp.velocitydeveloper.com/wp-content/uploads/2015/08/avante-avk-530-mkii-midi-karaoke-player-hitam-5573-207014-1-zoom-600x600.jpg]
[mp.velocitydeveloper.com/iklan/refurbished-sony-ps3-fat-500gb-gratis-500gb-costume-multiman-cfw-paket-lengkap/index.html]
[mp.velocitydeveloper.com/lokasi/jakarta-pusat/index.html]
[mp.velocitydeveloper.com/wp-json/oembed/1.0/embeddedc.json]
[mp.velocitydeveloper.com/iklan/sony-ps-4-500-gb-hitam/index.html]
[mp.velocitydeveloper.com/iklan/sony-playstation-3-slim-120gb-gratis-500gb-hdd-ext-full-games-cobra-ode/index.html]
[mp.velocitydeveloper.com/iklan/sony-playstation-ps2-slim-seri-7-ref-optik-hardisk-80gb-full-games/index.html]
[mp.velocitydeveloper.com/iklan/sony-playstation-3-slim-160gb-ode-2-controller-gratis-hdd-500gb-full-game/index.html]
[mp.velocitydeveloper.com/wp-json/oembed/1.0/embed6428]
[mp.velocitydeveloper.com/iklan/avante-avk-530-mkii-midi-karaoke-player/index.html]
[mp.velocitydeveloper.com/lokasi/kabupaten-batang/index.html]
[mp.velocitydeveloper.com//kategori/smartphone/index.html]
[mp.velocitydeveloper.com/kategori/tablet/index.html]
[mp.velocitydeveloper.com/lokasi/kabupaten-sragen/index.html]
[mp.velocitydeveloper.com/iklan/sony-playstation-3-slim-160gb-hitam/index.html]
[mp.velocitydeveloper.com/wp-content/uploads/2015/08/kjb-mesin-player-karaoke-amk-430-hitam-0458-981538-1-zoom-600x600.jpg]
[mp.velocitydeveloper.com/kategori/dress/index.html]
[mp.velocitydeveloper.com/iklan/fancyqube-vintage-plaid-casual-party-dress-black/index.html]
[mp.velocitydeveloper.com/wp-json/oembed/1.0/embed35c0.json]
[mp.velocitydeveloper.com/iklan/neck-long-sleeve-package/index.html]
[mp.velocitydeveloper.com/iklan/v-neck-empire-waist-34-sleeve-adorable-dress-black/index.html]
[mp.velocitydeveloper.com/lokasi/riau/index.html]
[mp.velocitydeveloper.com/iklan/v-neck-chiffon-dress-white/index.html]
[mp.velocitydeveloper.com/wp-json/oembed/1.0/embed34ec]
[mp.velocitydeveloper.com/iklan/kjb-mesin-player-karaoke-amk-430/index.html]
[mp.velocitydeveloper.com/iklan/back-invisible-zipper-decorative-metal-chain/index.html]
[mp.velocitydeveloper.com/lokasi/kabupaten-semarang/index.html]
[mp.velocitydeveloper.com/iklan/vintage-rockabilly-pinup-bodycon-fitted-party/index.html]
[mp.velocitydeveloper.com/iklan/slim-fold-chest-wrapped-elegant/index.html]
[mp.velocitydeveloper.com/iklan/fancyqube-new-2015/index.html]
[mp.velocitydeveloper.com/lokasi/kabupaten-gunungkidul/index.html]
[mp.velocitydeveloper.com/kategori/jam-tangan/index.html]
[mp.velocitydeveloper.com/iklan/bluelans-jam-tangan-unisex-cokelat-strap-leather/index.html]
[mp.velocitydeveloper.com/lokasi/kabupaten-pemalang/index.html]
[mp.velocitydeveloper.com/iklan/hours-clock-sport-steel-wrist-watch/index.html]
[mp.velocitydeveloper.com/wp-content/uploads/2015/08/epad-tablet-kids-8gb-biru-0312-465588-1-zoom-600x600.jpg]
[mp.velocitydeveloper.com/lokasi/kabupaten-jepara/index.html]
[mp.velocitydeveloper.com/wp-json/oembed/1.0/embed33e8.json]
[mp.velocitydeveloper.com/iklan/alexandre-christie-jam-tangan-pria-hitam-strap-karet-6319/index.html]
[mp.velocitydeveloper.com/kategori/jilbab/index.html]
[mp.velocitydeveloper.com/kategori/lain-lain-industri/index.html]
[mp.velocitydeveloper.com/kategori/mesin/index.html]
[mp.velocitydeveloper.com/wp-json/oembed/1.0/embedf86d]
[mp.velocitydeveloper.com/iklan/epad-tablet-kids-8gb-biru/index.html]
[mp.velocitydeveloper.com/kategori/akuntan/index.html]
[mp.velocitydeveloper.com/lokasi/jakarta-barat/index.html]
[mp.velocitydeveloper.com/kategori/rental/index.html]
[mp.velocitydeveloper.com/kategori/sparepart/index.html]
[mp.velocitydeveloper.com/iklan/velg-precision-v10-jd63-ring17x75-h8x100-1143-et-38-semi-matte-grey/index.html]
[mp.velocitydeveloper.com/kategori/peralatan-kantor/index.html]
[mp.velocitydeveloper.com/kategori/operator/index.html]
[mp.velocitydeveloper.com/wp-content/uploads/2015/08/mi-pad-16gb-putih-4170-526298-1-zoom-600x600.jpg]
[mp.velocitydeveloper.com/iklan/cover-wiper-arm-belakang-avanza/index.html]
[mp.velocitydeveloper.com/wp-json/oembed/1.0/embed740d.json]
[mp.velocitydeveloper.com/iklan/ball-joint-daihatsu-gran-max/index.html]
[mp.velocitydeveloper.com/iklan/jeep-foglamp-5-inchi/index.html]
[mp.velocitydeveloper.com/iklan/mi-pad-16gb-putih/index.html]
[mp.velocitydeveloper.com/wp-json/oembed/1.0/embed2643]
[mp.velocitydeveloper.com/kategori/rental-motor/index.html]
[mp.velocitydeveloper.com/lokasi/kabupaten-sukoharjo/index.html]
[mp.velocitydeveloper.com/iklan/foglamp-panther-ls/index.html]
[mp.velocitydeveloper.com/iklan/thermostat-espass-classy-taruna-feroza/index.html]
[mp.velocitydeveloper.com/kategori/sparepart/page/2/index.html]
[mp.velocitydeveloper.com/iklan/yamaha-mio/index.html]
[mp.velocitydeveloper.com/kategori/sparepart-motor/index.html]
[mp.velocitydeveloper.com/wp-content/uploads/2015/08/xiaomi-mi3-16gb-abu-abu-2517-3137031-1-zoom-600x600.jpg]
[mp.velocitydeveloper.com/iklan/dbest-obeng-set-31-in-1/index.html]
[mp.velocitydeveloper.com/iklan/buyincoins-6-15mm-spring-band-type-fuel-hose-clip/index.html]
[mp.velocitydeveloper.com/iklan/garmin-gpsmap-62s/index.html]
[mp.velocitydeveloper.com/iklan/zeneos-9080-14-zn62-tl-ban-tubeless/index.html]
[mp.velocitydeveloper.com/wp-json/oembed/1.0/embed9216.json]
[mp.velocitydeveloper.com/iklan/motul-oli-mesin-5100-str-10w40-1l/index.html]
[mp.velocitydeveloper.com/iklan/denso-nd-busi-iridium-iu24/index.html]
[mp.velocitydeveloper.com/lokasi/sulawesi-tengah/index.html]
[mp.velocitydeveloper.com/wp-json/oembed/1.0/embed71dd]
[mp.velocitydeveloper.com/iklan/xiaomi-mi3-16gb-abu-abu/index.html]
[mp.velocitydeveloper.com/kategori/apartemen/index.html]
[mp.velocitydeveloper.com/lokasi/kepulauan-seribu/index.html]
[mp.velocitydeveloper.com/iklan/apartemen-tamansari-semanggi/index.html]
[mp.velocitydeveloper.com/lokasi/kota-semarang/index.html]
[mp.velocitydeveloper.com/iklan/sentraland-semarang/index.html]
[mp.velocitydeveloper.com/kategori/perumahan/index.html]
[mp.velocitydeveloper.com/kategori/kontrakan/index.html]
[mp.velocitydeveloper.com/wp-content/uploads/2015/08/xiaomi-redmi-note-4g-lte-dual-sim-8-gb-putih-3911-6516711-2-zoom-600x600.jpg]
[mp.velocitydeveloper.com/iklan/rumah-baru-siap-sewa-dan-sangat-rapi/index.html]
[mp.velocitydeveloper.com/wp-json/oembed/1.0/embed96f3.json]
[mp.velocitydeveloper.com/iklan/the-green-residence-serpong/index.html]
[mp.velocitydeveloper.com/iklan/citra-raya/index.html]
[mp.velocitydeveloper.com/iklan/metland-menteng/index.html]
[mp.velocitydeveloper.com/wp-json/oembed/1.0/embedd3b0]
[mp.velocitydeveloper.com/iklan/xiaomi-redmi-note-4g-lte-dual-sim-8-gb/index.html]
[mp.velocitydeveloper.com/kategori/ruko/index.html]
[mp.velocitydeveloper.com/lokasi/jakarta-selatan/index.html]
[mp.velocitydeveloper.com/iklan/ruko-minimalis-daerah-bacan-cideng/index.html]
[mp.velocitydeveloper.com/lokasi/maluku-utara/index.html]
[mp.velocitydeveloper.com/iklan/ruko-minimalis-bisa-untuk-tinggal/index.html]
[mp.velocitydeveloper.com/iklan/ruko-cling-harga-bening-harapan-indah-2/index.html]
[mp.velocitydeveloper.com/wp-content/uploads/2015/08/dell-alienware-m14x-r3-ram-8gb-intel-core-i7-4700mq-14-hitam-6494-1901841-1-zoom-600x600.png]
[mp.velocitydeveloper.com/lokasi/lampung/index.html]
[mp.velocitydeveloper.com/iklan/ruko-minimalis-daerah-ampera/index.html]
[mp.velocitydeveloper.com/lokasi/sulawesi-utara/index.html]
[mp.velocitydeveloper.com/wp-json/oembed/1.0/embedf9b4.json]
[mp.velocitydeveloper.com/wp-json/oembed/1.0/embedb99b]
[mp.velocitydeveloper.com/iklan/dell-alienware-m14x-r3-ram-8gb-intel-core-i7-4700mq/index.html]
[mp.velocitydeveloper.com/lokasi/kabupaten-magelang/index.html]
[mp.velocitydeveloper.com/lokasi/kabupaten-batang/index.html]
[mp.velocitydeveloper.com/lokasi/jakarta-utara/index.html]
[mp.velocitydeveloper.com/lokasi/kabupaten-klaten/index.html]
[mp.velocitydeveloper.com/lokasi/kabupaten-semarang/index.html]
[mp.velocitydeveloper.com/lokasi/kabupaten-gunungkidul/index.html]
[mp.velocitydeveloper.com/wp-content/uploads/2015/08/lenovo-ideapad-mini-e10-30-2gb-intel-r-celeron-n2840-10-1-putih-8150-823579-1-zoom-600x600.jpg]
[mp.velocitydeveloper.com/wp-json/oembed/1.0/embede5d6.json]
[mp.velocitydeveloper.com/lokasi/jakarta-barat/index.html]
[mp.velocitydeveloper.com/iklan/lenovo-ideapad-mini-e10-30-2gb/index.html]
[mp.velocitydeveloper.com/wp-json/oembed/1.0/embed7e95]
[mp.velocitydeveloper.com/lokasi/kabupaten-sukoharjo/index.html]
[mp.velocitydeveloper.com/lokasi/kepulauan-seribu/index.html]
[mp.velocitydeveloper.com/wp-content/uploads/2015/08/apple-macbook-air-1-6ghz-dual-core-i5-128gb-mjve2-4gb-ram-intel-13-3-0347-288479-1-zoom-600x600.jpg]
[mp.velocitydeveloper.com/lokasi/jakarta-selatan/index.html]
[mp.velocitydeveloper.com/wp-json/oembed/1.0/embed21d0.json]
[mp.velocitydeveloper.com/lokasi/jakarta-utara/index.html]
[mp.velocitydeveloper.com/wp-json/oembed/1.0/embed3477]
[mp.velocitydeveloper.com/iklan/apple-macbook-air-1-6ghz-dual-core-i5/index.html]
[mp.velocitydeveloper.com/kategori/parfume/page/2/index.html]
[mp.velocitydeveloper.com/kategori/parfume/page/3/index.html]
[mp.velocitydeveloper.com/kategori/parfume/page/4/index.html]
[mp.velocitydeveloper.com/wp-json/oembed/1.0/embed15ca.json]
[mp.velocitydeveloper.com/iklan/cotton-bee-pashmina-regular-basic-hitam/index.html]
[mp.velocitydeveloper.com/lokasi/kabupaten-karanganyar/index.html]
[mp.velocitydeveloper.com/wp-json/oembed/1.0/embedd546]
[mp.velocitydeveloper.com/wp-json/oembed/1.0/embed06be.json]
[mp.velocitydeveloper.com/lokasi/kabupaten-karanganyar/index.html]
[mp.velocitydeveloper.com/wp-json/oembed/1.0/embed9eb3]
[mp.velocitydeveloper.com/iklan/cotton-bee-hoodie-zaskia-instan-hitam/index.html]
[mp.velocitydeveloper.com/lokasi/kabupaten-banjarnegara/index.html]
[mp.velocitydeveloper.com/lokasi/kabupaten-banjarnegara/index.html]
[mp.velocitydeveloper.com/wp-json/oembed/1.0/embed54c3.json]
[mp.velocitydeveloper.com/iklan/cotton-bee-pashmina-brukat-korea-dusty-pink/index.html]
[mp.velocitydeveloper.com/wp-json/oembed/1.0/embede7be]
[mp.velocitydeveloper.com/wp-json/oembed/1.0/embed89be.json]
[mp.velocitydeveloper.com/wp-json/oembed/1.0/embedf0d1]
[mp.velocitydeveloper.com/iklan/cotton-bee-pashmina-regular-basic-dusty-pink/index.html]
[mp.velocitydeveloper.com/lokasi/kabupaten-wonogiri/index.html]
[mp.velocitydeveloper.com/lokasi/kabupaten-wonogiri/index.html]
[mp.velocitydeveloper.com/wp-json/oembed/1.0/embed7546.json]
[mp.velocitydeveloper.com/iklan/cotton-bee-hoodie-shireen-instan/index.html]
[mp.velocitydeveloper.com/wp-json/oembed/1.0/embed192d]
[mp.velocitydeveloper.com/lokasi/kabupaten-purworejo/index.html]
[mp.velocitydeveloper.com/wp-content/uploads/2015/08/geneva-jam-tangan-wanita-rose-gold-strap-stainless-steel-quartz-watch-3659-541388-1-zoom-600x600.jpg]
[mp.velocitydeveloper.com/lokasi/kabupaten-purworejo/index.html]
[mp.velocitydeveloper.com/wp-json/oembed/1.0/embedc690.json]
[mp.velocitydeveloper.com/iklan/geneva-jam-tangan-wanita-rose-gold-strap-stainless-steel/index.html]
[mp.velocitydeveloper.com/wp-json/oembed/1.0/embed177f]
[mp.velocitydeveloper.com/wp-content/uploads/2015/08/567902_6287c430-06b5-11e1-abdf-823e31380690-300x300.jpg]
[mp.velocitydeveloper.com/lokasi/kabupaten-blora/index.html]
[mp.velocitydeveloper.com/wp-content/uploads/2015/08/bluelans-jam-tangan-wanita-merah-strap-kulit-analog-watch-3603-081388-1-zoom-600x600.jpg]
[mp.velocitydeveloper.com/lokasi/kabupaten-blora/index.html]
[mp.velocitydeveloper.com/iklan/xcs3-hurricane-mobil-speed-maker-fuel-saver/index.html]
[mp.velocitydeveloper.com/wp-json/oembed/1.0/embed262d.json]
[mp.velocitydeveloper.com/wp-json/oembed/1.0/embedc38b]
[mp.velocitydeveloper.com/iklan/bluelans-jam-tangan-wanita-merah-strap-kulit-analog-watch/index.html]
[mp.velocitydeveloper.com/lokasi/kabupaten-kudus/index.html]
[mp.velocitydeveloper.com/wp-content/uploads/2015/08/geneva-jam-tangan-unisex-silver-strap-stainless-steel-quartz-watch-3659-631388-1-zoom-600x600.jpg]
[mp.velocitydeveloper.com/lokasi/kabupaten-kudus/index.html]
[mp.velocitydeveloper.com/wp-json/oembed/1.0/embedcb35.json]
[mp.velocitydeveloper.com/wp-json/oembed/1.0/embed8890]
[mp.velocitydeveloper.com/iklan/geneva-jam-tangan-unisex-silver/index.html]
[mp.velocitydeveloper.com/lokasi/kabupaten-tegal/index.html]
[mp.velocitydeveloper.com/kategori/fashion/page/2/index.html]
[mp.velocitydeveloper.com/kategori/fashion/page/3/index.html]
[mp.velocitydeveloper.com/wp-content/uploads/2015/08/changhong-5066-680124-1-zoom-compressed-600x406.jpg]
[mp.velocitydeveloper.com/lokasi/kabupaten-tegal/index.html]
[mp.velocitydeveloper.com/wp-json/oembed/1.0/embed172a.json]
[mp.velocitydeveloper.com/iklan/changhong-40-full-hd-led-tv/index.html]
[mp.velocitydeveloper.com/lokasi/kabupaten-purbalingga/index.html]
[mp.velocitydeveloper.com/wp-json/oembed/1.0/embed9dd0]
[mp.velocitydeveloper.com/wp-content/uploads/2015/08/changhong-40-led-android-smart-tv-hitam-40d1000i-7569-694124-1-zoom-600x600.jpg]
[mp.velocitydeveloper.com/lokasi/kabupaten-purbalingga/index.html]
[mp.velocitydeveloper.com/wp-json/oembed/1.0/embed9b76.json]
[mp.velocitydeveloper.com/wp-json/oembed/1.0/embeda9a9]
[mp.velocitydeveloper.com/iklan/changhong-40-led-android-smart-tv-hitam-40d1000i/index.html]
[mp.velocitydeveloper.com/lokasi/kabupaten-rembang/index.html]
[mp.velocitydeveloper.com/wp-content/uploads/2015/08/miyako-dispenser-air-galon-bawah-wdp-300-water-dispenser-6959-2668811-1-zoom-600x600.jpg]
[mp.velocitydeveloper.com/lokasi/kabupaten-rembang/index.html]
[mp.velocitydeveloper.com/wp-json/oembed/1.0/embed5669.json]
[mp.velocitydeveloper.com/iklan/miyako-dispenser-air-galon-bawah-wdp-300/index.html]
[mp.velocitydeveloper.com/wp-json/oembed/1.0/embedf621]
[mp.velocitydeveloper.com/wp-content/uploads/2015/08/toshiba-glacio-xd-7-lemari-es-1-pintu-grn175bc-silver-7221-606619-1-zoom-600x600.jpg]
[mp.velocitydeveloper.com/wp-json/oembed/1.0/embed7187.json]
[mp.velocitydeveloper.com/iklan/toshiba-glacio-xd-7-lemari-es-1-pintu-grn175bc/index.html]
[mp.velocitydeveloper.com/wp-json/oembed/1.0/embed7f70]
[mp.velocitydeveloper.com/wp-content/uploads/2015/08/janome-1008-mesin-jahit-pemula-putih-3482-866862-1-zoom-600x600.jpg]
[mp.velocitydeveloper.com/wp-json/oembed/1.0/embed7948.json]
[mp.velocitydeveloper.com/wp-json/oembed/1.0/embed0dd0]
[mp.velocitydeveloper.com/iklan/janome-1008-mesin-jahit-pemula-putih/index.html]
[mp.velocitydeveloper.com/wp-content/uploads/2015/08/omi-casa-sewing-machine-sm1-hijau-4080-29499-9-zoom-600x600.jpg]
[mp.velocitydeveloper.com/wp-json/oembed/1.0/embed6565.json]
[mp.velocitydeveloper.com/wp-json/oembed/1.0/embed7aa6]
[mp.velocitydeveloper.com/iklan/omi-casa-sewing-machine-sm1-hijau/index.html]
[mp.velocitydeveloper.com/wp-content/uploads/2015/08/microsoft-office-home-student-2013-4791-34387-1-zoom-600x600.jpg]
[mp.velocitydeveloper.com/wp-json/oembed/1.0/embedd183.json]
[mp.velocitydeveloper.com/iklan/microsoft-office-home-student-2013/index.html]
[mp.velocitydeveloper.com/lokasi/kabupaten-demak/index.html]
[mp.velocitydeveloper.com/wp-json/oembed/1.0/embed9784]
[mp.velocitydeveloper.com/wp-content/uploads/2015/08/nindya-600x360.png]
[mp.velocitydeveloper.com/lokasi/kabupaten-demak/index.html]
[mp.velocitydeveloper.com/wp-json/oembed/1.0/embed2bcc.json]
[mp.velocitydeveloper.com/wp-json/oembed/1.0/embed0369]
[mp.velocitydeveloper.com/iklan/pt-nindya-karya-persero/index.html]
[mp.velocitydeveloper.com/lokasi/kabupaten-banyumas/index.html]
[mp.velocitydeveloper.com/wp-content/uploads/2015/08/bpjs.jpg]
[mp.velocitydeveloper.com/lokasi/kabupaten-banyumas/index.html]
[mp.velocitydeveloper.com/wp-json/oembed/1.0/embed6716.json]
[mp.velocitydeveloper.com/iklan/reguler-bpjs-ketenagakerjaan/index.html]
[mp.velocitydeveloper.com/wp-json/oembed/1.0/embed1260]
[mp.velocitydeveloper.com/wp-content/uploads/2015/08/Nestle-Indonesia.jpg]
[mp.velocitydeveloper.com/wp-json/oembed/1.0/embeda5c0.json]
[mp.velocitydeveloper.com/iklan/nestle-indonesia/index.html]
[mp.velocitydeveloper.com/wp-json/oembed/1.0/embed42f2]
[mp.velocitydeveloper.com/wp-content/uploads/2015/09/MOTOR_FAN_RADIATOR_TOYOTA_HARRIER_DENSO-600x491.jpg]
[mp.velocitydeveloper.com/wp-json/oembed/1.0/embedfe94.json]
[mp.velocitydeveloper.com/iklan/motor-fan-radiator-toyota-harrier/index.html]
[mp.velocitydeveloper.com/wp-json/oembed/1.0/embed69b1]
[mp.velocitydeveloper.com/wp-json/oembed/1.0/embedd561.json]
[mp.velocitydeveloper.com/iklan/power-steering-rack/index.html]
[mp.velocitydeveloper.com/wp-json/oembed/1.0/embed1c97]
[mp.velocitydeveloper.com/lokasi/kota-salatiga/index.html]
[mp.velocitydeveloper.com/wp-content/uploads/2015/09/1410966383.jpg]
[mp.velocitydeveloper.com/lokasi/kota-salatiga/index.html]
[mp.velocitydeveloper.com/wp-json/oembed/1.0/embed647c.json]
[mp.velocitydeveloper.com/iklan/nissan-grand-livina-2014/index.html]
[mp.velocitydeveloper.com/lokasi/jawa-barat/index.html]
[mp.velocitydeveloper.com/wp-json/oembed/1.0/embed39bc]
[mp.velocitydeveloper.com/wp-content/uploads/2015/09/1410965606.jpg]
[mp.velocitydeveloper.com/lokasi/jawa-barat/index.html]
[mp.velocitydeveloper.com/wp-json/oembed/1.0/embed3ce6.json]
[mp.velocitydeveloper.com/wp-json/oembed/1.0/embedf3c2]
[mp.velocitydeveloper.com/iklan/daihatsu-terios-2014/index.html]
[mp.velocitydeveloper.com/wp-content/uploads/2015/09/1373472476.jpg]
[mp.velocitydeveloper.com/wp-json/oembed/1.0/embedaf70.json]
[mp.velocitydeveloper.com/wp-json/oembed/1.0/embed7276]
[mp.velocitydeveloper.com/iklan/suzuki-apv-2011/index.html]
[mp.velocitydeveloper.com/wp-content/uploads/2015/09/1373474426.jpg]
[mp.velocitydeveloper.com/wp-json/oembed/1.0/embedd2bb.json]
[mp.velocitydeveloper.com/wp-json/oembed/1.0/embed78bd]
[mp.velocitydeveloper.com/iklan/daihatsu-new-xenia-2013/index.html]
[mp.velocitydeveloper.com/lokasi/jakarta-timur/index.html]
[mp.velocitydeveloper.com/wp-content/uploads/2015/09/daihatsu_20xenia-600x482.jpg]
[mp.velocitydeveloper.com/lokasi/jakarta-timur/index.html]
[mp.velocitydeveloper.com/wp-json/oembed/1.0/embed3470.json]
[mp.velocitydeveloper.com/iklan/daihatsu-xenia-2011/index.html]
[mp.velocitydeveloper.com/wp-json/oembed/1.0/embede105]
[mp.velocitydeveloper.com/wp-content/uploads/2015/09/1373300101.jpg]
[mp.velocitydeveloper.com/wp-json/oembed/1.0/embeda19c.json]
[mp.velocitydeveloper.com/iklan/toyota-avanza-2011/index.html]
[mp.velocitydeveloper.com/kategori/mobil/page/2/index.html]
[mp.velocitydeveloper.com/wp-json/oembed/1.0/embed6c64]
[mp.velocitydeveloper.com/wp-content/uploads/2015/09/dsc00099-600x450.jpg]
[mp.velocitydeveloper.com/wp-json/oembed/1.0/embed63b7.json]
[mp.velocitydeveloper.com/iklan/koso-power-filter-turbin/index.html]
[mp.velocitydeveloper.com/wp-json/oembed/1.0/embed5665]
[mp.velocitydeveloper.com/wp-content/uploads/2015/09/RC-1060.jpg]
[mp.velocitydeveloper.com/wp-json/oembed/1.0/embed497b.json]
[mp.velocitydeveloper.com/wp-json/oembed/1.0/embed38d5]
[mp.velocitydeveloper.com/iklan/sparepart-motor-filter-ac/index.html]
[mp.velocitydeveloper.com/wp-content/uploads/2015/09/214521_kawasaki-ninja-250-abs-se-spesial-edition-_663_382-600x346.jpg]
[mp.velocitydeveloper.com/wp-json/oembed/1.0/embed973f.json]
[mp.velocitydeveloper.com/wp-json/oembed/1.0/embedf097]
[mp.velocitydeveloper.com/iklan/motor-ninja/index.html]
[mp.velocitydeveloper.com/lokasi/jawa-timur/index.html]
[mp.velocitydeveloper.com/wp-content/uploads/2015/09/Harga-Yamaha-Vixion-600x534.jpg]
[mp.velocitydeveloper.com/lokasi/jawa-timur/index.html]
[mp.velocitydeveloper.com/wp-json/oembed/1.0/embed6cd2.json]
[mp.velocitydeveloper.com/wp-json/oembed/1.0/embeda0c4]
[mp.velocitydeveloper.com/iklan/motor-vixion/index.html]
[mp.velocitydeveloper.com/lokasi/sulawesi-barat/index.html]
[mp.velocitydeveloper.com/wp-content/uploads/2015/09/386f974d-8a5f-455f-befa-fd62b34142a2-600x574.jpg]
[mp.velocitydeveloper.com/lokasi/sulawesi-barat/index.html]
[mp.velocitydeveloper.com/wp-json/oembed/1.0/embeda125.json]
[mp.velocitydeveloper.com/iklan/honda-scoopy/index.html]
[mp.velocitydeveloper.com/lokasi/kalimantan-tengah/index.html]
[mp.velocitydeveloper.com/wp-json/oembed/1.0/embede2ef]
[mp.velocitydeveloper.com/wp-content/uploads/2015/09/keunggulan-kelemahan-yamaha-mio-j.png]
[mp.velocitydeveloper.com/lokasi/kalimantan-tengah/index.html]
[mp.velocitydeveloper.com/wp-json/oembed/1.0/embed6fc1.json]
[mp.velocitydeveloper.com/iklan/motor-mio-j/index.html]
[mp.velocitydeveloper.com/wp-json/oembed/1.0/embede4f5]
[mp.velocitydeveloper.com/lokasi/kabupaten-temanggung/index.html]
[mp.velocitydeveloper.com/wp-content/uploads/2015/09/vario-125-idling-stop-bionic-red-572x600.jpg]
[mp.velocitydeveloper.com/lokasi/kabupaten-temanggung/index.html]
[mp.velocitydeveloper.com/wp-json/oembed/1.0/embed305e.json]
[mp.velocitydeveloper.com/iklan/motor-vario/index.html]
[mp.velocitydeveloper.com/wp-json/oembed/1.0/embedebbf]
[mp.velocitydeveloper.com/wp-content/uploads/2015/09/honda-beat-cw-techno-white.png]
[mp.velocitydeveloper.com/wp-json/oembed/1.0/embed0b19.json]
[mp.velocitydeveloper.com/iklan/honda-beat/index.html]
[mp.velocitydeveloper.com/kategori/motor/page/2/index.html]
[mp.velocitydeveloper.com/wp-json/oembed/1.0/embede79d]
[mp.velocitydeveloper.com/wp-content/uploads/2015/09/10822111_3_644x461_kontarakan-baru-dibangun-4-pintu-ciapus-masuk-mobil-dijual-600x381.jpg]
[mp.velocitydeveloper.com/wp-json/oembed/1.0/embedd6c0.json]
[mp.velocitydeveloper.com/wp-json/oembed/1.0/embede926]
[mp.velocitydeveloper.com/iklan/rumah-kontrakan/index.html]
[mp.velocitydeveloper.com/lokasi/kabupaten-bantul/index.html]
[mp.velocitydeveloper.com/lokasi/kabupaten-bantul/index.html]
[mp.velocitydeveloper.com/wp-json/oembed/1.0/embed689a.json]
[mp.velocitydeveloper.com/wp-json/oembed/1.0/embeda224]
[mp.velocitydeveloper.com/iklan/kontrakan-murah/index.html]
[mp.velocitydeveloper.com/lokasi/kabupaten-pati/index.html]
[mp.velocitydeveloper.com/wp-content/uploads/2015/09/r-contoh-t-38.jpg]
[mp.velocitydeveloper.com/lokasi/kabupaten-pati/index.html]
[mp.velocitydeveloper.com/wp-json/oembed/1.0/embeddc8a.json]
[mp.velocitydeveloper.com/wp-json/oembed/1.0/embed2ba0]
[mp.velocitydeveloper.com/iklan/promo-rumah-murah-di-perumahaan-di-depok/index.html]
[mp.velocitydeveloper.com/wp-json/oembed/1.0/embed0ae3.json]
[mp.velocitydeveloper.com/iklan/ruko-minimalis-2-lantai/index.html]
[mp.velocitydeveloper.com/wp-json/oembed/1.0/embed0ee8]
[mp.velocitydeveloper.com/lokasi/kabupaten-kulon-progo/index.html]
[mp.velocitydeveloper.com/wp-content/uploads/2015/09/desain-ruko-782397411b.jpg]
[mp.velocitydeveloper.com/lokasi/kabupaten-kulon-progo/index.html]
[mp.velocitydeveloper.com/wp-json/oembed/1.0/embedcc02.json]
[mp.velocitydeveloper.com/wp-json/oembed/1.0/embed9c2a]
[mp.velocitydeveloper.com/iklan/ruko-minimalis-2014/index.html]
[mp.velocitydeveloper.com/lokasi/kalimantan-barat/index.html]
[mp.velocitydeveloper.com/wp-content/uploads/2015/09/Desain-Model-Ruko-Minimalis-600x424.jpg]
[mp.velocitydeveloper.com/lokasi/kalimantan-barat/index.html]
[mp.velocitydeveloper.com/wp-json/oembed/1.0/embed12b0.json]
[mp.velocitydeveloper.com/iklan/ruko-minimalis-modern/index.html]
[mp.velocitydeveloper.com/wp-json/oembed/1.0/embed4709]
[mp.velocitydeveloper.com/lokasi/kalimantan-timur/index.html]
[mp.velocitydeveloper.com/wp-content/uploads/2015/09/Ruko-Minimalis-2-Lantai2.jpg]
[mp.velocitydeveloper.com/lokasi/kalimantan-timur/index.html]
[mp.velocitydeveloper.com/wp-json/oembed/1.0/embed4186.json]
[mp.velocitydeveloper.com/iklan/ruko-minimalis/index.html]
[mp.velocitydeveloper.com/wp-json/oembed/1.0/embedd51b]
[mp.velocitydeveloper.com/lokasi/kepulauan-riau/index.html]
[mp.velocitydeveloper.com/kategori/property/page/2/index.html]
[mp.velocitydeveloper.com/kategori/property/page/3/index.html]
[mp.velocitydeveloper.com/lokasi/kepulauan-riau/index.html]
[mp.velocitydeveloper.com/wp-json/wp/v2/posts/137.json]
[mp.velocitydeveloper.com/wp-json/oembed/1.0/embed6593.json]
[mp.velocitydeveloper.com/artikel/tips-memilih-pedagang-online/index.html]
[mp.velocitydeveloper.com/wp-json/oembed/1.0/embed1075]
[mp.velocitydeveloper.com/wp-json/wp/v2/users/1.json]
[mp.velocitydeveloper.com/author/admin/index.html]
[mp.velocitydeveloper.com/author/admin/index.html]
[mp.velocitydeveloper.com/wp-json/wp/v2/posts/131.json]
[mp.velocitydeveloper.com/author/admin/index96e3.html]
[mp.velocitydeveloper.com/author/admin/index933d.html]
[mp.velocitydeveloper.com/wp-json/oembed/1.0/embed2b0f.json]
[mp.velocitydeveloper.com/author/admin/index3a80.html]
[mp.velocitydeveloper.com/artikel/tips-aman-belanja-online/index.html]
[mp.velocitydeveloper.com/wp-json/oembed/1.0/embed43b4]
[mp.velocitydeveloper.com/wp-json/wp/v2/posts/129.json]
[mp.velocitydeveloper.com/wp-json/oembed/1.0/embed9b07.json]
[mp.velocitydeveloper.com/artikel/tips-aman-cod/index.html]
[mp.velocitydeveloper.com/indexa4b6.html]
[mp.velocitydeveloper.com/wp-json/oembed/1.0/embed4c37]
[mp.velocitydeveloper.com/wp-content/uploads/2015/08/philips-mcd1065-micro-system-cube-dvd-player-hitam-3158-9357911-1-zoom-600x600.jpg]
[mp.velocitydeveloper.com/wp-json/oembed/1.0/embedbbe2.json]
[mp.velocitydeveloper.com/iklan/philips-mcd1065-micro-system-cube-dvd-player/index.html]
[mp.velocitydeveloper.com/wp-json/oembed/1.0/embed35a1]
[mp.velocitydeveloper.com/wp-content/uploads/2015/08/gmc-dvd-portable-tv-9-radio-game-divx-808t-0326-679842-3-zoom-600x600.jpg]
[mp.velocitydeveloper.com/wp-json/oembed/1.0/embedb65f.json]
[mp.velocitydeveloper.com/iklan/gmc-dvd-portable-tv-9-radio-game-divx-808t/index.html]
[mp.velocitydeveloper.com/wp-json/oembed/1.0/embed976f]
[mp.velocitydeveloper.com/wp-content/uploads/2015/08/niko-nk-118-dvd-player-bisa-untuk-kaset-ori-dan-non-ori-biru-1210-222305-2-zoom-600x600.jpg]
[mp.velocitydeveloper.com/wp-json/oembed/1.0/embed8b1e.json]
[mp.velocitydeveloper.com/wp-json/oembed/1.0/embed33da]
[mp.velocitydeveloper.com/iklan/niko-nk-118-dvd-player-bisa-untuk-kaset-ori-dan-non-ori-biru/index.html]
[mp.velocitydeveloper.com/lokasi/kabupaten-pekalongan/index.html]
[mp.velocitydeveloper.com/wp-content/uploads/2015/08/mizuka-705-dvd-player-hitam-6408-56429-1-zoom-600x600.jpg]
[mp.velocitydeveloper.com/lokasi/kabupaten-pekalongan/index.html]
[mp.velocitydeveloper.com/wp-json/oembed/1.0/embed4826.json]
[mp.velocitydeveloper.com/iklan/mizuka-705-dvd-player/index.html]
[mp.velocitydeveloper.com/wp-json/oembed/1.0/embedb3f7]
[mp.velocitydeveloper.com/wp-content/uploads/2015/08/71fNJgZeMWL._SL1500_-600x400.jpg]
[mp.velocitydeveloper.com/wp-json/oembed/1.0/embed16d2.json]
[mp.velocitydeveloper.com/iklan/samsung-dvd-karaoke-e360k/index.html]
[mp.velocitydeveloper.com/wp-json/oembed/1.0/embedd6c5]
[mp.velocitydeveloper.com/wp-content/uploads/2015/08/apple-macbook-pro-retina-mf839-8gb-ram-intel-core-i5-13-8859-7880721-1-zoom-600x600.jpg]
[mp.velocitydeveloper.com/wp-json/oembed/1.0/embed2096.json]
[mp.velocitydeveloper.com/iklan/apple-macbook-pro-retina-mf839/index.html]
[mp.velocitydeveloper.com/wp-json/oembed/1.0/embed98a4]
[mp.velocitydeveloper.com/wp-content/uploads/2015/08/sony-ps2-hdd-na-80gb-matrix-hitam-9263-195568-1-zoom-600x600.jpg]
[mp.velocitydeveloper.com/wp-json/oembed/1.0/embed9136.json]
[mp.velocitydeveloper.com/wp-json/oembed/1.0/embed574d]
[mp.velocitydeveloper.com/iklan/sony-ps2-hdd-na-80gb-matrix-hitam/index.html]
[mp.velocitydeveloper.com/wp-content/uploads/2015/08/sony-ps3-fat-500gb-costume-multiman-cfw-paket-lengkap-6417-922809-1-product.jpg]
[mp.velocitydeveloper.com/wp-json/oembed/1.0/embed841e.json]
[mp.velocitydeveloper.com/iklan/refurbished-sony-ps3-fat-500gb-gratis-500gb-costume-multiman-cfw-paket-lengkap/index.html]
[mp.velocitydeveloper.com/wp-json/oembed/1.0/embed2ba2]
[mp.velocitydeveloper.com/lokasi/jakarta-pusat/index.html]
[mp.velocitydeveloper.com/wp-content/uploads/2015/08/sony-ps-4-500-gb-hitam-7737-133905-1-zoom-600x600.jpg]
[mp.velocitydeveloper.com/lokasi/jakarta-pusat/index.html]
[mp.velocitydeveloper.com/wp-json/oembed/1.0/embed4c02.json]
[mp.velocitydeveloper.com/wp-json/oembed/1.0/embedb790]
[mp.velocitydeveloper.com/iklan/sony-ps-4-500-gb-hitam/index.html]
[mp.velocitydeveloper.com/wp-content/uploads/2015/08/sony-playstation-3-slim-120gb-gratis-500gb-hdd-ext-full-games-cobra-ode-9649-095897-4-zoom-600x600.jpg]
[mp.velocitydeveloper.com/wp-json/oembed/1.0/embedd520.json]
[mp.velocitydeveloper.com/iklan/sony-playstation-3-slim-120gb-gratis-500gb-hdd-ext-full-games-cobra-ode/index.html]
[mp.velocitydeveloper.com/wp-json/oembed/1.0/embed8360]
[mp.velocitydeveloper.com/wp-content/uploads/2015/08/sony-playstation-ps2-slim-seri-7-ref-optik-hardisk-80gb-full-games-4932-760559-1-zoom-600x600.jpg]
[mp.velocitydeveloper.com/wp-json/oembed/1.0/embed8634.json]
[mp.velocitydeveloper.com/wp-json/oembed/1.0/embed5c87]
[mp.velocitydeveloper.com/iklan/sony-playstation-ps2-slim-seri-7-ref-optik-hardisk-80gb-full-games/index.html]
[mp.velocitydeveloper.com/wp-content/uploads/2015/08/sony-playstation-3-slim-160gb-ode-2-controller-gratis-hdd-500gb-full-game-0622-661028-1-zoom-600x600.jpg]
[mp.velocitydeveloper.com/wp-json/oembed/1.0/embeda8d7.json]
[mp.velocitydeveloper.com/wp-json/oembed/1.0/embed754c]
[mp.velocitydeveloper.com/iklan/sony-playstation-3-slim-160gb-ode-2-controller-gratis-hdd-500gb-full-game/index.html]
[mp.velocitydeveloper.com/wp-content/uploads/2015/08/sony-playstation-3-slim-160gb-hitam-4569-204143-1-zoom-600x600.jpg]
[mp.velocitydeveloper.com/wp-json/oembed/1.0/embed9b4b.json]
[mp.velocitydeveloper.com/iklan/sony-playstation-3-slim-160gb-hitam/index.html]
[mp.velocitydeveloper.com/lokasi/kabupaten-sragen/index.html]
[mp.velocitydeveloper.com/wp-json/oembed/1.0/embed29cd]
[mp.velocitydeveloper.com/lokasi/kabupaten-sragen/index.html]
[mp.velocitydeveloper.com/wp-json/oembed/1.0/embed9b90.json]
[mp.velocitydeveloper.com/wp-json/oembed/1.0/embedd114]
[mp.velocitydeveloper.com/iklan/fancyqube-vintage-plaid-casual-party-dress-black/index.html]
[mp.velocitydeveloper.com/wp-json/oembed/1.0/embed3ca4.json]
[mp.velocitydeveloper.com/iklan/v-neck-empire-waist-34-sleeve-adorable-dress-black/index.html]
[mp.velocitydeveloper.com/wp-json/oembed/1.0/embedd088]
[mp.velocitydeveloper.com/wp-json/oembed/1.0/embedb0a4.json]
[mp.velocitydeveloper.com/wp-json/oembed/1.0/embed10ec]
[mp.velocitydeveloper.com/iklan/neck-long-sleeve-package/index.html]
[mp.velocitydeveloper.com/lokasi/riau/index.html]
[mp.velocitydeveloper.com/lokasi/riau/index.html]
[mp.velocitydeveloper.com/wp-json/oembed/1.0/embed5b0b.json]
[mp.velocitydeveloper.com/iklan/v-neck-chiffon-dress-white/index.html]
[mp.velocitydeveloper.com/wp-json/oembed/1.0/embed3351]
[mp.velocitydeveloper.com/wp-json/oembed/1.0/embed91c4.json]
[mp.velocitydeveloper.com/iklan/back-invisible-zipper-decorative-metal-chain/index.html]
[mp.velocitydeveloper.com/wp-json/oembed/1.0/embed9a2d]
[mp.velocitydeveloper.com/wp-json/oembed/1.0/embedcca3.json]
[mp.velocitydeveloper.com/iklan/vintage-rockabilly-pinup-bodycon-fitted-party/index.html]
[mp.velocitydeveloper.com/wp-json/oembed/1.0/embedbd43]
[mp.velocitydeveloper.com/wp-json/oembed/1.0/embed5185.json]
[mp.velocitydeveloper.com/wp-json/oembed/1.0/embed81e4]
[mp.velocitydeveloper.com/iklan/slim-fold-chest-wrapped-elegant/index.html]
[mp.velocitydeveloper.com/wp-json/oembed/1.0/embed54c1.json]
[mp.velocitydeveloper.com/iklan/fancyqube-new-2015/index.html]
[mp.velocitydeveloper.com/wp-json/oembed/1.0/embed32c6]
[mp.velocitydeveloper.com/wp-content/uploads/2015/08/bluelans-jam-tangan-unisex-cokelat-strap-leather-3582-986949-1-zoom-400x600.jpg]
[mp.velocitydeveloper.com/wp-json/oembed/1.0/embed132b.json]
[mp.velocitydeveloper.com/wp-json/oembed/1.0/embedf828]
[mp.velocitydeveloper.com/iklan/bluelans-jam-tangan-unisex-cokelat-strap-leather/index.html]
[mp.velocitydeveloper.com/lokasi/kabupaten-pemalang/index.html]
[mp.velocitydeveloper.com/wp-content/uploads/2015/08/bluelans-curren-mens-black-strap-black-dial-hours-clock-sport-steel-wrist-watch-9890-2181821-1-zoom-400x600.jpg]
[mp.velocitydeveloper.com/lokasi/kabupaten-pemalang/index.html]
[mp.velocitydeveloper.com/wp-json/oembed/1.0/embedaa7e.json]
[mp.velocitydeveloper.com/wp-json/oembed/1.0/embed6e26]
[mp.velocitydeveloper.com/iklan/hours-clock-sport-steel-wrist-watch/index.html]
[mp.velocitydeveloper.com/lokasi/kabupaten-jepara/index.html]
[mp.velocitydeveloper.com/wp-content/uploads/2015/08/alexandre-christie-jam-tangan-pria-hitam-strap-karet-6319-6494-6509231-1-zoom-400x600.jpg]
[mp.velocitydeveloper.com/lokasi/kabupaten-jepara/index.html]
[mp.velocitydeveloper.com/wp-json/oembed/1.0/embeda83a.json]
[mp.velocitydeveloper.com/iklan/alexandre-christie-jam-tangan-pria-hitam-strap-karet-6319/index.html]
[mp.velocitydeveloper.com/wp-json/oembed/1.0/embeda497]
[mp.velocitydeveloper.com/wp-content/uploads/2015/08/285235_8c3c0127-5606-479b-bb7a-8b5da32bc86c-600x333.jpg]
[mp.velocitydeveloper.com/wp-json/oembed/1.0/embed0f6c.json]
[mp.velocitydeveloper.com/iklan/velg-precision-v10-jd63-ring17x75-h8x100-1143-et-38-semi-matte-grey/index.html]
[mp.velocitydeveloper.com/wp-json/oembed/1.0/embeda570]
[mp.velocitydeveloper.com/wp-content/uploads/2015/08/368521_bdffabe0-00ab-4339-bb8d-d26ea4059e3f.jpg]
[mp.velocitydeveloper.com/wp-json/oembed/1.0/embed2b55.json]
[mp.velocitydeveloper.com/iklan/cover-wiper-arm-belakang-avanza/index.html]
[mp.velocitydeveloper.com/wp-json/oembed/1.0/embedab8f]
[mp.velocitydeveloper.com/wp-content/uploads/2015/08/368521_6f062d3e-79e2-442e-9118-0ba0db619d14.jpg]
[mp.velocitydeveloper.com/wp-json/oembed/1.0/embed0e19.json]
[mp.velocitydeveloper.com/wp-json/oembed/1.0/embed9a14]
[mp.velocitydeveloper.com/iklan/jeep-foglamp-5-inchi/index.html]
[mp.velocitydeveloper.com/wp-content/uploads/2015/08/368521_e1100f83-f394-47d0-b33a-1b93ccb5151b.jpg]
[mp.velocitydeveloper.com/wp-json/oembed/1.0/embed83cf.json]
[mp.velocitydeveloper.com/iklan/ball-joint-daihatsu-gran-max/index.html]
[mp.velocitydeveloper.com/wp-json/oembed/1.0/embede644]
[mp.velocitydeveloper.com/wp-content/uploads/2015/08/368521_83cdbb3f-017d-4398-a692-580c37e902ef.jpg]
[mp.velocitydeveloper.com/wp-json/oembed/1.0/embede152.json]
[mp.velocitydeveloper.com/iklan/foglamp-panther-ls/index.html]
[mp.velocitydeveloper.com/wp-json/oembed/1.0/embed160a]
[mp.velocitydeveloper.com/wp-content/uploads/2015/08/368521_8287641c-a3dd-414b-8a2f-de21a6d87a8f.jpg]
[mp.velocitydeveloper.com/wp-json/oembed/1.0/embed55ea.json]
[mp.velocitydeveloper.com/wp-json/oembed/1.0/embede095]
[mp.velocitydeveloper.com/iklan/thermostat-espass-classy-taruna-feroza/index.html]
[mp.velocitydeveloper.com/kategori/sparepart/page/2/index.html]
[mp.velocitydeveloper.com/wp-content/uploads/2015/09/Harga-Yamaha-Mio-GT.jpg]
[mp.velocitydeveloper.com/wp-json/oembed/1.0/embed00f9.json]
[mp.velocitydeveloper.com/iklan/yamaha-mio/index.html]
[mp.velocitydeveloper.com/wp-json/oembed/1.0/embedd99c]
[mp.velocitydeveloper.com/wp-content/uploads/2015/08/dbest-obeng-set-31-in-1-4737-246911-1-zoom-600x600.jpg]
[mp.velocitydeveloper.com/wp-json/oembed/1.0/embed43bb.json]
[mp.velocitydeveloper.com/wp-json/oembed/1.0/embede344]
[mp.velocitydeveloper.com/iklan/dbest-obeng-set-31-in-1/index.html]
[mp.velocitydeveloper.com/wp-content/uploads/2015/08/buyincoins-6-15mm-spring-band-type-fuel-hose-clip-6494-8148841-1-zoom-600x600.jpg]
[mp.velocitydeveloper.com/wp-json/oembed/1.0/embed60c0.json]
[mp.velocitydeveloper.com/iklan/buyincoins-6-15mm-spring-band-type-fuel-hose-clip/index.html]
[mp.velocitydeveloper.com/wp-json/oembed/1.0/embed12d8]
[mp.velocitydeveloper.com/wp-content/uploads/2015/08/garmin-gpsmap-62s-hitam-merah-5069-260231-1-zoom-600x600.jpg]
[mp.velocitydeveloper.com/wp-json/oembed/1.0/embedd6d2.json]
[mp.velocitydeveloper.com/iklan/garmin-gpsmap-62s/index.html]
[mp.velocitydeveloper.com/wp-json/oembed/1.0/embed8d7a]
[mp.velocitydeveloper.com/wp-content/uploads/2015/08/zeneos-90-80-14-zn62-tl-ban-tubeless-scootic-honda-rr-yamaha-rr-suzuki-rr-spin-hitam-0174-520971-1-zoom-600x600.jpg]
[mp.velocitydeveloper.com/wp-json/oembed/1.0/embed6f7e.json]
[mp.velocitydeveloper.com/wp-json/oembed/1.0/embeddd4c]
[mp.velocitydeveloper.com/iklan/zeneos-9080-14-zn62-tl-ban-tubeless/index.html]
[mp.velocitydeveloper.com/wp-content/uploads/2015/08/motul-oli-mesin-5100-str-10w-40-1l-5351-127905-1-zoom-600x600.jpg]
[mp.velocitydeveloper.com/wp-json/oembed/1.0/embeda861.json]
[mp.velocitydeveloper.com/wp-json/oembed/1.0/embed15a2]
[mp.velocitydeveloper.com/iklan/motul-oli-mesin-5100-str-10w40-1l/index.html]
[mp.velocitydeveloper.com/wp-content/uploads/2015/08/denso-nd-busi-iridium-iu24-4430-412063-1-zoom-600x600.jpg]
[mp.velocitydeveloper.com/wp-json/oembed/1.0/embed54f7.json]
[mp.velocitydeveloper.com/iklan/denso-nd-busi-iridium-iu24/index.html]
[mp.velocitydeveloper.com/lokasi/sulawesi-tengah/index.html]
[mp.velocitydeveloper.com/wp-json/oembed/1.0/embed26f9]
[mp.velocitydeveloper.com/wp-content/uploads/2015/08/aps167621-dijual-di-jakarta_selatan_1_1430453642-600x400.jpg]
[mp.velocitydeveloper.com/lokasi/sulawesi-tengah/index.html]
[mp.velocitydeveloper.com/wp-json/oembed/1.0/embed0a98.json]
[mp.velocitydeveloper.com/wp-json/oembed/1.0/embed5c4e]
[mp.velocitydeveloper.com/iklan/apartemen-tamansari-semanggi/index.html]
[mp.velocitydeveloper.com/wp-content/uploads/2015/08/5ad82de2-eb44-49c3-8b42-bffdca10808c-600x450.jpg]
[mp.velocitydeveloper.com/wp-json/oembed/1.0/embed30ca.json]
[mp.velocitydeveloper.com/wp-json/oembed/1.0/embed1a81]
[mp.velocitydeveloper.com/iklan/sentraland-semarang/index.html]
[mp.velocitydeveloper.com/lokasi/kota-semarang/index.html]
[mp.velocitydeveloper.com/wp-content/uploads/2015/08/hor1322304-disewa-di-tangerang_1407480033-509x600.jpg]
[mp.velocitydeveloper.com/lokasi/kota-semarang/index.html]
[mp.velocitydeveloper.com/wp-json/oembed/1.0/embed41a2.json]
[mp.velocitydeveloper.com/wp-json/oembed/1.0/embedc6f7]
[mp.velocitydeveloper.com/iklan/rumah-baru-siap-sewa-dan-sangat-rapi/index.html]
[mp.velocitydeveloper.com/wp-content/uploads/2015/08/9cd91237-cb7c-48d2-bacf-05a3f1474591-600x367.jpg]
[mp.velocitydeveloper.com/wp-json/oembed/1.0/embedf12d.json]
[mp.velocitydeveloper.com/iklan/the-green-residence-serpong/index.html]
[mp.velocitydeveloper.com/wp-json/oembed/1.0/embede25a]
[mp.velocitydeveloper.com/wp-content/uploads/2015/08/32f2aa4b_f27a_41d0_93ff_fd1fca2335d7-600x389.jpg]
[mp.velocitydeveloper.com/wp-json/oembed/1.0/embed3751.json]
[mp.velocitydeveloper.com/wp-json/oembed/1.0/embed30d1]
[mp.velocitydeveloper.com/iklan/citra-raya/index.html]
[mp.velocitydeveloper.com/wp-content/uploads/2015/08/c00e4287_6a6b_4603_b4ac_0fc27ec43cc4-600x393.jpg]
[mp.velocitydeveloper.com/wp-json/oembed/1.0/embed1ccb.json]
[mp.velocitydeveloper.com/wp-json/oembed/1.0/embed8263]
[mp.velocitydeveloper.com/iklan/metland-menteng/index.html]
[mp.velocitydeveloper.com/wp-content/uploads/2015/09/ruko-tari-malam-2-ok-600x351.jpg]
[mp.velocitydeveloper.com/wp-json/oembed/1.0/embedde29.json]
[mp.velocitydeveloper.com/iklan/ruko-minimalis-daerah-bacan-cideng/index.html]
[mp.velocitydeveloper.com/lokasi/maluku-utara/index.html]
[mp.velocitydeveloper.com/wp-json/oembed/1.0/embedbb99]
[mp.velocitydeveloper.com/wp-content/uploads/2015/09/Ruko-Minimalis-2-Lantai4.jpg]
[mp.velocitydeveloper.com/lokasi/maluku-utara/index.html]
[mp.velocitydeveloper.com/wp-json/oembed/1.0/embed3f99.json]
[mp.velocitydeveloper.com/iklan/ruko-minimalis-bisa-untuk-tinggal/index.html]
[mp.velocitydeveloper.com/wp-json/oembed/1.0/embedbe4b]
[mp.velocitydeveloper.com/wp-content/uploads/2015/09/2057928d1420209755-jual-ruko-baru-minimalis-di-tenggilis-dekat-ubaya-img_20141223_123147-600x450.jpg]
[mp.velocitydeveloper.com/wp-json/oembed/1.0/embedab8a.json]
[mp.velocitydeveloper.com/iklan/ruko-cling-harga-bening-harapan-indah-2/index.html]
[mp.velocitydeveloper.com/lokasi/lampung/index.html]
[mp.velocitydeveloper.com/wp-json/oembed/1.0/embedd75e]
[mp.velocitydeveloper.com/wp-content/uploads/2015/09/375273d1363164522-ruko-freesia-pondok-aren-img00245-20130218-1237-copy.jpg]
[mp.velocitydeveloper.com/lokasi/lampung/index.html]
[mp.velocitydeveloper.com/wp-json/oembed/1.0/embeda47a.json]
[mp.velocitydeveloper.com/iklan/ruko-minimalis-daerah-ampera/index.html]
[mp.velocitydeveloper.com/lokasi/sulawesi-utara/index.html]
[mp.velocitydeveloper.com/wp-includes/css/buttons.min75e4.css]
[mp.velocitydeveloper.com/wp-json/oembed/1.0/embed2734]
[mp.velocitydeveloper.com/wp-admin/images/loading.gif]
[mp.velocitydeveloper.com/wp-admin/css/forms.min75e4.css]
[mp.velocitydeveloper.com/wp-admin/css/l10n.min75e4.css]
[mp.velocitydeveloper.com/wp-admin/images/w-logo-blue7a53.png]
[mp.velocitydeveloper.com/lokasi/sulawesi-utara/index.html]
[mp.velocitydeveloper.com/wp-admin/images/wordpress-logo7d6b.svg]
[mp.velocitydeveloper.com/wp-admin/css/login.min75e4.css]
[www.google.com/recaptcha/apid33a.js]
[mp.velocitydeveloper.com/wp-loginc2b6.html]
[www.google.com/recaptcha/apibe61.js]
[mp.velocitydeveloper.com/wp-login.html]
[mp.velocitydeveloper.com/index6233.html]
[mp.velocitydeveloper.com/index49a5.html]
[mp.velocitydeveloper.com/index8cf7.html]
[mp.velocitydeveloper.com/index2dc8.html]
[mp.velocitydeveloper.com/indexcc0f.html]
[mp.velocitydeveloper.com/indexd6e1.html]
[mp.velocitydeveloper.com/index8cf0.html]
[mp.velocitydeveloper.com/index3dc6.html]
[mp.velocitydeveloper.com/index5f0f.html]
[mp.velocitydeveloper.com/index9fa1.html]
[mp.velocitydeveloper.com/index8c34.html]
[mp.velocitydeveloper.com/indexd5db.html]
[mp.velocitydeveloper.com/index2af5.html]
[mp.velocitydeveloper.com/index5b31.html]
[mp.velocitydeveloper.com/index486a.html]
[mp.velocitydeveloper.com/indexd0b8.html]
[mp.velocitydeveloper.com/index30e3.html]
[mp.velocitydeveloper.com/index1641.html]
[mp.velocitydeveloper.com/wp-content/uploads/2015/08/567902_6287c430-06b5-11e1-abdf-823e31380690.jpg]
[mp.velocitydeveloper.com/wp-json/oembed/1.0/embedc71f.json]
[mp.velocitydeveloper.com/wp-json/oembed/1.0/embed7330]
[mp.velocitydeveloper.com/iklan/xcs3-hurricane-mobil-speed-maker-fuel-saver/index.html]
[mp.velocitydeveloper.com/index44be.html]
[mp.velocitydeveloper.com/indexd251.html]
[mp.velocitydeveloper.com/index7d3e.html]
[mp.velocitydeveloper.com/index8c55.html]
[mp.velocitydeveloper.com/indexef92.html]
[mp.velocitydeveloper.com/index2915.html]
[mp.velocitydeveloper.com/index4720.html]
[mp.velocitydeveloper.com/indexbc9e.html]
[mp.velocitydeveloper.com/indexe2aa.html]
[mp.velocitydeveloper.com/index834e.html]
[mp.velocitydeveloper.com/indexf175.html]
[mp.velocitydeveloper.com/index4ef8.html]
[mp.velocitydeveloper.com/indexa2f3.html]
[mp.velocitydeveloper.com/indexdc17.html]
[mp.velocitydeveloper.com/index3f66.html]
[mp.velocitydeveloper.com/index4b0e.html]
[mp.velocitydeveloper.com/indexea0f.html]
[mp.velocitydeveloper.com/indexc128.html]
[mp.velocitydeveloper.com/index030b.html]
[mp.velocitydeveloper.com/indexc089.html]
[mp.velocitydeveloper.com/index2df9.html]
[mp.velocitydeveloper.com/indexa308.html]
[mp.velocitydeveloper.com/index25b8.html]
[mp.velocitydeveloper.com/index5d09.html]
[mp.velocitydeveloper.com/index6fe2.html]
[mp.velocitydeveloper.com/indexfcd3.html]
[mp.velocitydeveloper.com/index8fde.html]
[mp.velocitydeveloper.com/index820c.html]
[mp.velocitydeveloper.com/indexf31a.html]
[mp.velocitydeveloper.com/index79e7.html]
[mp.velocitydeveloper.com/index00c2.html]
[mp.velocitydeveloper.com/index9c73.html]
[mp.velocitydeveloper.com/indexb45d.html]
[mp.velocitydeveloper.com/indexdc3d.html]
[mp.velocitydeveloper.com/index66f9.html]
[mp.velocitydeveloper.com/index60d6.html]
[mp.velocitydeveloper.com/author/admin/index96e3.html]
[mp.velocitydeveloper.com/author/admin/index933d.html]
[mp.velocitydeveloper.com/author/admin/index34b1.html]
[mp.velocitydeveloper.com/author/admin/indexd748.html]
[mp.velocitydeveloper.com/author/admin/index3a80.html]
[mp.velocitydeveloper.com/indexd52d.html]
[mp.velocitydeveloper.com/index1c00.html]
[mp.velocitydeveloper.com/indexd7c9.html]
[mp.velocitydeveloper.com/index0eba.html]
[mp.velocitydeveloper.com/indexf3dd.html]
[mp.velocitydeveloper.com/indexe4c6.html]
[mp.velocitydeveloper.com/index7ea6.html]
[mp.velocitydeveloper.com/index50f6.html]
[mp.velocitydeveloper.com/index146c.html]
[mp.velocitydeveloper.com/index48fd.html]
[mp.velocitydeveloper.com/index2586.html]
[mp.velocitydeveloper.com/indexa09e.html]
[mp.velocitydeveloper.com/indexa828.html]
[mp.velocitydeveloper.com/indexff23.html]
[mp.velocitydeveloper.com/index17d5.html]
[mp.velocitydeveloper.com/indexcb89.html]
[mp.velocitydeveloper.com/index6452.html]
[mp.velocitydeveloper.com/indexdc0d.html]
[mp.velocitydeveloper.com/indexd1c3.html]
[mp.velocitydeveloper.com/indexc8fa.html]
[mp.velocitydeveloper.com/index5a6a.html]
[mp.velocitydeveloper.com/index261b.html]
[mp.velocitydeveloper.com/index9e8b.html]
[mp.velocitydeveloper.com/index5295.html]
[mp.velocitydeveloper.com/index3786.html]
[mp.velocitydeveloper.com/indexd728.html]
[mp.velocitydeveloper.com/index17f1.html]
[mp.velocitydeveloper.com/index3e1b.html]
[mp.velocitydeveloper.com/index47c4.html]
[mp.velocitydeveloper.com/indexb247.html]
[mp.velocitydeveloper.com/indexf6a9.html]
[mp.velocitydeveloper.com/index5294.html]
[mp.velocitydeveloper.com/index1b7b.html]
[mp.velocitydeveloper.com/index9222.html]
[mp.velocitydeveloper.com/indexa7ab.html]
[mp.velocitydeveloper.com/index9f0a.html]
[mp.velocitydeveloper.com/index55d4.html]
[mp.velocitydeveloper.com/index0364.html]
[mp.velocitydeveloper.com/indexe4db.html]
[mp.velocitydeveloper.com/indexf5a4.html]
[mp.velocitydeveloper.com/index8fec.html]
[mp.velocitydeveloper.com/index4c85.html]
[mp.velocitydeveloper.com/indexca25.html]
[mp.velocitydeveloper.com/index8fbb.html]
[mp.velocitydeveloper.com/index2206.html]
[mp.velocitydeveloper.com/index23a8.html]
[mp.velocitydeveloper.com/indexe01d.html]
[mp.velocitydeveloper.com/index7f9a.html]
[mp.velocitydeveloper.com/index6683.html]
[mp.velocitydeveloper.com/wp-admin/images/wordpress-logo7d6b.svg]
[mp.velocitydeveloper.com/indexf604.html]
[mp.velocitydeveloper.com/author/admin/index34b1.html]
[mp.velocitydeveloper.com/author/admin/indexd748.html]
[mp.velocitydeveloper.com/author/admin/index3ecc.html]
[mp.velocitydeveloper.com/author/admin/index3ecc.html]
[mp.velocitydeveloper.com/author/admin/index775e.html]
[mp.velocitydeveloper.com/author/admin/index4e20.html]
[mp.velocitydeveloper.com/author/admin/index775e.html]
[mp.velocitydeveloper.com/author/admin/index4e20.html]
[mp.velocitydeveloper.com/author/admin/index31c7.html]
[mp.velocitydeveloper.com/author/admin/index31c7.html]
[mp.velocitydeveloper.com/author/admin/index0b76.html]
[mp.velocitydeveloper.com/author/admin/index0b76.html]
[mp.velocitydeveloper.com/author/admin/index29ff.html]
[mp.velocitydeveloper.com/author/admin/index29ff.html]
[mp.velocitydeveloper.com/author/admin/index0d87.html]
[mp.velocitydeveloper.com/author/admin/index0d87.html]
